Archive member included because of file (symbol)

/opt/Freescale/KDS_2.0.0/toolchain/lib/gcc/arm-none-eabi/4.8.0/../../../../arm-none-eabi/lib/libg.a(lib_a-atexit.o)
                              /opt/Freescale/KDS_2.0.0/toolchain/lib/gcc/arm-none-eabi/4.8.0/../../../../arm-none-eabi/lib/crt0.o (atexit)
/opt/Freescale/KDS_2.0.0/toolchain/lib/gcc/arm-none-eabi/4.8.0/../../../../arm-none-eabi/lib/libg.a(lib_a-exit.o)
                              /opt/Freescale/KDS_2.0.0/toolchain/lib/gcc/arm-none-eabi/4.8.0/../../../../arm-none-eabi/lib/crt0.o (exit)
/opt/Freescale/KDS_2.0.0/toolchain/lib/gcc/arm-none-eabi/4.8.0/../../../../arm-none-eabi/lib/libg.a(lib_a-impure.o)
                              /opt/Freescale/KDS_2.0.0/toolchain/lib/gcc/arm-none-eabi/4.8.0/../../../../arm-none-eabi/lib/libg.a(lib_a-exit.o) (_global_impure_ptr)
/opt/Freescale/KDS_2.0.0/toolchain/lib/gcc/arm-none-eabi/4.8.0/../../../../arm-none-eabi/lib/libg.a(lib_a-memcpy.o)
                              ./Sources/si7005/si7005.o (memcpy)
/opt/Freescale/KDS_2.0.0/toolchain/lib/gcc/arm-none-eabi/4.8.0/../../../../arm-none-eabi/lib/libg.a(lib_a-memset.o)
                              /opt/Freescale/KDS_2.0.0/toolchain/lib/gcc/arm-none-eabi/4.8.0/../../../../arm-none-eabi/lib/crt0.o (memset)
/opt/Freescale/KDS_2.0.0/toolchain/lib/gcc/arm-none-eabi/4.8.0/../../../../arm-none-eabi/lib/libg.a(lib_a-printf.o)
                              ./Sources/ProcessorExpert.o (printf)
/opt/Freescale/KDS_2.0.0/toolchain/lib/gcc/arm-none-eabi/4.8.0/../../../../arm-none-eabi/lib/libg.a(lib_a-puts.o)
                              ./Sources/ProcessorExpert.o (puts)
/opt/Freescale/KDS_2.0.0/toolchain/lib/gcc/arm-none-eabi/4.8.0/../../../../arm-none-eabi/lib/libg.a(lib_a-setvbuf.o)
                              ./Sources/ProcessorExpert.o (setvbuf)
/opt/Freescale/KDS_2.0.0/toolchain/lib/gcc/arm-none-eabi/4.8.0/../../../../arm-none-eabi/lib/libg.a(lib_a-sprintf.o)
                              ./Sources/ProcessorExpert.o (sprintf)
/opt/Freescale/KDS_2.0.0/toolchain/lib/gcc/arm-none-eabi/4.8.0/../../../../arm-none-eabi/lib/libg.a(lib_a-strlen.o)
                              /opt/Freescale/KDS_2.0.0/toolchain/lib/gcc/arm-none-eabi/4.8.0/../../../../arm-none-eabi/lib/libg.a(lib_a-puts.o) (strlen)
/opt/Freescale/KDS_2.0.0/toolchain/lib/gcc/arm-none-eabi/4.8.0/../../../../arm-none-eabi/lib/libg.a(lib_a-svfprintf.o)
                              /opt/Freescale/KDS_2.0.0/toolchain/lib/gcc/arm-none-eabi/4.8.0/../../../../arm-none-eabi/lib/libg.a(lib_a-sprintf.o) (_svfprintf_r)
/opt/Freescale/KDS_2.0.0/toolchain/lib/gcc/arm-none-eabi/4.8.0/../../../../arm-none-eabi/lib/libg.a(lib_a-syscalls.o)
                              /opt/Freescale/KDS_2.0.0/toolchain/lib/gcc/arm-none-eabi/4.8.0/../../../../arm-none-eabi/lib/libg.a(lib_a-exit.o) (_exit)
/opt/Freescale/KDS_2.0.0/toolchain/lib/gcc/arm-none-eabi/4.8.0/../../../../arm-none-eabi/lib/libg.a(lib_a-vfprintf.o)
                              /opt/Freescale/KDS_2.0.0/toolchain/lib/gcc/arm-none-eabi/4.8.0/../../../../arm-none-eabi/lib/libg.a(lib_a-printf.o) (_vfprintf_r)
/opt/Freescale/KDS_2.0.0/toolchain/lib/gcc/arm-none-eabi/4.8.0/../../../../arm-none-eabi/lib/libg.a(lib_a-wsetup.o)
                              /opt/Freescale/KDS_2.0.0/toolchain/lib/gcc/arm-none-eabi/4.8.0/../../../../arm-none-eabi/lib/libg.a(lib_a-vfprintf.o) (__swsetup_r)
/opt/Freescale/KDS_2.0.0/toolchain/lib/gcc/arm-none-eabi/4.8.0/../../../../arm-none-eabi/lib/libg.a(lib_a-__atexit.o)
                              /opt/Freescale/KDS_2.0.0/toolchain/lib/gcc/arm-none-eabi/4.8.0/../../../../arm-none-eabi/lib/libg.a(lib_a-atexit.o) (__register_exitproc)
/opt/Freescale/KDS_2.0.0/toolchain/lib/gcc/arm-none-eabi/4.8.0/../../../../arm-none-eabi/lib/libg.a(lib_a-__call_atexit.o)
                              /opt/Freescale/KDS_2.0.0/toolchain/lib/gcc/arm-none-eabi/4.8.0/../../../../arm-none-eabi/lib/libg.a(lib_a-exit.o) (__call_exitprocs)
/opt/Freescale/KDS_2.0.0/toolchain/lib/gcc/arm-none-eabi/4.8.0/../../../../arm-none-eabi/lib/libg.a(lib_a-dtoa.o)
                              /opt/Freescale/KDS_2.0.0/toolchain/lib/gcc/arm-none-eabi/4.8.0/../../../../arm-none-eabi/lib/libg.a(lib_a-svfprintf.o) (_dtoa_r)
/opt/Freescale/KDS_2.0.0/toolchain/lib/gcc/arm-none-eabi/4.8.0/../../../../arm-none-eabi/lib/libg.a(lib_a-errno.o)
                              /opt/Freescale/KDS_2.0.0/toolchain/lib/gcc/arm-none-eabi/4.8.0/../../../../arm-none-eabi/lib/libg.a(lib_a-syscalls.o) (__errno)
/opt/Freescale/KDS_2.0.0/toolchain/lib/gcc/arm-none-eabi/4.8.0/../../../../arm-none-eabi/lib/libg.a(lib_a-fflush.o)
                              /opt/Freescale/KDS_2.0.0/toolchain/lib/gcc/arm-none-eabi/4.8.0/../../../../arm-none-eabi/lib/libg.a(lib_a-setvbuf.o) (_fflush_r)
/opt/Freescale/KDS_2.0.0/toolchain/lib/gcc/arm-none-eabi/4.8.0/../../../../arm-none-eabi/lib/libg.a(lib_a-findfp.o)
[...]
Memory Configuration

Name             Origin             Length             Attributes
m_interrupts     0x0000000000000000 0x00000000000000c0 xr
m_text           0x0000000000000410 0x000000000003fbf0 xr
m_data           0x000000001fffe000 0x0000000000008000 rw
m_cfmprotrom     0x0000000000000400 0x0000000000000010 xr
*default*        0x0000000000000000 0xffffffffffffffff

Linker script and memory map

LOAD /opt/Freescale/KDS_2.0.0/toolchain/lib/gcc/arm-none-eabi/4.8.0/crti.o
LOAD /opt/Freescale/KDS_2.0.0/toolchain/lib/gcc/arm-none-eabi/4.8.0/crtbegin.o
LOAD /opt/Freescale/KDS_2.0.0/toolchain/lib/gcc/arm-none-eabi/4.8.0/../../../../arm-none-eabi/lib/crt0.o
LOAD ./Sources/si7005/si7005.o
LOAD ./Sources/LCD/LCD.o
LOAD ./Sources/LCD/s401.o
LOAD ./Sources/Events.o
LOAD ./Sources/ProcessorExpert.o
LOAD ./Sources/sa_mtb.o
LOAD ./Project_Settings/Startup_Code/startup.o
LOAD ./Generated_Code/BitIoLdd1.o
LOAD ./Generated_Code/BitIoLdd2.o
LOAD ./Generated_Code/Cpu.o
LOAD ./Generated_Code/CsIO1.o
LOAD ./Generated_Code/ExtIntLdd1.o
LOAD ./Generated_Code/IO1.o
LOAD ./Generated_Code/LED_GREEN.o
LOAD ./Generated_Code/LED_RED.o
LOAD ./Generated_Code/PE_LDD.o
LOAD ./Generated_Code/PTC.o
LOAD ./Generated_Code/SI7005_I2C.o
LOAD ./Generated_Code/SegLCD1.o
LOAD ./Generated_Code/Vectors.o
LOAD ./Generated_Code/sw1.o
START GROUP
LOAD /opt/Freescale/KDS_2.0.0/toolchain/lib/gcc/arm-none-eabi/4.8.0/libgcc.a
LOAD /opt/Freescale/KDS_2.0.0/toolchain/lib/gcc/arm-none-eabi/4.8.0/../../../../arm-none-eabi/lib/libg.a
LOAD /opt/Freescale/KDS_2.0.0/toolchain/lib/gcc/arm-none-eabi/4.8.0/../../../../arm-none-eabi/lib/libc.a
END GROUP
LOAD /opt/Freescale/KDS_2.0.0/toolchain/lib/gcc/arm-none-eabi/4.8.0/crtend.o
LOAD /opt/Freescale/KDS_2.0.0/toolchain/lib/gcc/arm-none-eabi/4.8.0/crtn.o
                0x0000000020006000                _estack = 0x20006000
                0x0000000020006000                __SP_INIT = _estack
                0x0000000000000000                __heap_size = 0x0
                0x0000000000000400                __stack_size = 0x400

.interrupts     0x0000000000000000       0xc0
                0x0000000000000000                __vector_table = .
                0x0000000000000000                . = ALIGN (0x4)
 *(.vectortable)
 .vectortable   0x0000000000000000       0xc0 ./Generated_Code/Vectors.o
                0x0000000000000000                __vect_table
                0x00000000000000c0                . = ALIGN (0x4)

.cfmprotect     0x0000000000000400       0x10
                0x0000000000000400                . = ALIGN (0x4)
 *(.cfmconfig)
 .cfmconfig     0x0000000000000400       0x10 ./Generated_Code/Cpu.o
                0x0000000000000400                _cfm
                0x0000000000000410                . = ALIGN (0x4)

.text           0x0000000000000410     0x8300
                0x0000000000000410                . = ALIGN (0x4)
 *(.text)
 .text          0x0000000000000410       0x14 /opt/Freescale/KDS_2.0.0/toolchain/lib/gcc/arm-none-eabi/4.8.0/libgcc.a(_thumb1_case_uqi.o)
                0x0000000000000410                __gnu_thumb1_case_uqi
 .text          0x0000000000000424       0x14 /opt/Freescale/KDS_2.0.0/toolchain/lib/gcc/arm-none-eabi/4.8.0/libgcc.a(_thumb1_case_uhi.o)
                0x0000000000000424                __gnu_thumb1_case_uhi
 .text          0x0000000000000438       0x9c /opt/Freescale/KDS_2.0.0/toolchain/lib/gcc/arm-none-eabi/4.8.0/libgcc.a(_udivsi3.o)
                0x0000000000000438                __udivsi3
                0x0000000000000438                __aeabi_uidiv
                0x00000000000004c0                __aeabi_uidivmod
 .text          0x00000000000004d4       0xc0 /opt/Freescale/KDS_2.0.0/toolchain/lib/gcc/arm-none-eabi/4.8.0/libgcc.a(_divsi3.o)
                0x00000000000004d4                __aeabi_idiv
                0x00000000000004d4                __divsi3
                0x0000000000000580                __aeabi_idivmod
 .text          0x0000000000000594        0x4 /opt/Freescale/KDS_2.0.0/toolchain/lib/gcc/arm-none-eabi/4.8.0/libgcc.a(_dvmd_tls.o)
                0x0000000000000594                __aeabi_ldiv0
                0x0000000000000594                __aeabi_idiv0
 .text          0x0000000000000598       0x7c /opt/Freescale/KDS_2.0.0/toolchain/lib/gcc/arm-none-eabi/4.8.0/libgcc.a(_arm_cmpdf2.o)
                0x0000000000000598                __aeabi_cdrcmple
                0x00000000000005a8                __aeabi_cdcmple
                0x00000000000005a8                __aeabi_cdcmpeq
                0x00000000000005b8                __aeabi_dcmpeq
                0x00000000000005c4                __aeabi_dcmplt
                0x00000000000005d8                __aeabi_dcmple
                0x00000000000005ec                __aeabi_dcmpgt
                0x0000000000000600                __aeabi_dcmpge
 .text          0x0000000000000614       0x3c /opt/Freescale/KDS_2.0.0/toolchain/lib/gcc/arm-none-eabi/4.8.0/libgcc.a(_clzsi2.o)
                0x0000000000000614                __clzsi2
 *(.text*)
 .text.deregister_tm_clones
                0x0000000000000650       0x24 /opt/Freescale/KDS_2.0.0/toolchain/lib/gcc/arm-none-eabi/4.8.0/crtbegin.o
 .text.register_tm_clones
                0x0000000000000674       0x28 /opt/Freescale/KDS_2.0.0/toolchain/lib/gcc/arm-none-eabi/4.8.0/crtbegin.o
 .text.__do_global_dtors_aux
                0x000000000000069c       0x30 /opt/Freescale/KDS_2.0.0/toolchain/lib/gcc/arm-none-eabi/4.8.0/crtbegin.o
 .text.frame_dummy
                0x00000000000006cc       0x3c /opt/Freescale/KDS_2.0.0/toolchain/lib/gcc/arm-none-eabi/4.8.0/crtbegin.o
 .text.read_rH  0x0000000000000708       0xa4 ./Sources/si7005/si7005.o
                0x0000000000000708                read_rH
 .text.read_temperature
                0x00000000000007ac       0xa4 ./Sources/si7005/si7005.o
                0x00000000000007ac                read_temperature
 .text.si7005_open
                0x0000000000000850       0x20 ./Sources/si7005/si7005.o
                0x0000000000000850                si7005_open
 .text.si7005_write_register
                0x0000000000000870       0x40 ./Sources/si7005/si7005.o
 .text.si7005_poll_rdy
                0x00000000000008b0       0xac ./Sources/si7005/si7005.o
 .text.si7005_read_data
                0x000000000000095c       0x98 ./Sources/si7005/si7005.o
 .text.vfnLCD_Write_Msg
                0x00000000000009f4       0x74 ./Sources/LCD/LCD.o
                0x00000000000009f4                vfnLCD_Write_Msg
 .text.vfnLCD_Write_Char
                0x0000000000000a68      0x120 ./Sources/LCD/LCD.o
                0x0000000000000a68                vfnLCD_Write_Char
 .text.Cpu_OnNMIINT
                0x0000000000000b88        0x8 ./Sources/Events.o
                0x0000000000000b88                Cpu_OnNMIINT
 .text.SI7005_I2C_OnMasterBlockSent
                0x0000000000000b90       0x18 ./Sources/Events.o
                0x0000000000000b90                SI7005_I2C_OnMasterBlockSent
 .text.SI7005_I2C_OnMasterBlockReceived
                0x0000000000000ba8       0x18 ./Sources/Events.o
                0x0000000000000ba8                SI7005_I2C_OnMasterBlockReceived
 .text.sw1_OnInterrupt
                0x0000000000000bc0       0x14 ./Sources/Events.o
                0x0000000000000bc0                sw1_OnInterrupt
 .text.main     0x0000000000000bd4      0x238 ./Sources/ProcessorExpert.o
                0x0000000000000bd4                main
 .text.__flush_cache
                0x0000000000000e0c       0x10 ./Project_Settings/Startup_Code/startup.o
                0x0000000000000e0c                __flush_cache
 .text.__copy_rom_section
                0x0000000000000e1c       0xd8 ./Project_Settings/Startup_Code/startup.o
                0x0000000000000e1c                __copy_rom_section
 .text.__copy_rom_sections_to_ram
                0x0000000000000ef4       0xc0 ./Project_Settings/Startup_Code/startup.o
                0x0000000000000ef4                __copy_rom_sections_to_ram
 .text.zero_fill_bss
                0x0000000000000fb4       0xac ./Project_Settings/Startup_Code/startup.o
 .text.__init_registers
                0x0000000000001060        0x8 ./Project_Settings/Startup_Code/startup.o
                0x0000000000001060                __init_registers
 .text.__init_user
                0x0000000000001068        0x8 ./Project_Settings/Startup_Code/startup.o
                0x0000000000001068                __init_user
 .text.__thumb_startup
                0x0000000000001070       0x48 ./Project_Settings/Startup_Code/startup.o
                0x0000000000001070                __thumb_startup
 .text.BitIoLdd1_Init
                0x00000000000010b8       0x68 ./Generated_Code/BitIoLdd1.o
                0x00000000000010b8                BitIoLdd1_Init
 .text.BitIoLdd1_GetDir
                0x0000000000001120       0x28 ./Generated_Code/BitIoLdd1.o
                0x0000000000001120                BitIoLdd1_GetDir
 .text.BitIoLdd1_SetDir
                0x0000000000001148       0x40 ./Generated_Code/BitIoLdd1.o
                0x0000000000001148                BitIoLdd1_SetDir
 .text.BitIoLdd1_ClrVal
                0x0000000000001188       0x1c ./Generated_Code/BitIoLdd1.o
                0x0000000000001188                BitIoLdd1_ClrVal
 .text.BitIoLdd1_SetVal
                0x00000000000011a4       0x1c ./Generated_Code/BitIoLdd1.o
                0x00000000000011a4                BitIoLdd1_SetVal
 .text.BitIoLdd1_NegVal
                0x00000000000011c0       0x1c ./Generated_Code/BitIoLdd1.o
                0x00000000000011c0                BitIoLdd1_NegVal
 .text.BitIoLdd2_Init
                0x00000000000011dc       0x60 ./Generated_Code/BitIoLdd2.o
                0x00000000000011dc                BitIoLdd2_Init
 .text.BitIoLdd2_SetDir
                0x000000000000123c       0x3c ./Generated_Code/BitIoLdd2.o
                0x000000000000123c                BitIoLdd2_SetDir
 .text.BitIoLdd2_ClrVal
                0x0000000000001278       0x18 ./Generated_Code/BitIoLdd2.o
                0x0000000000001278                BitIoLdd2_ClrVal
 .text.BitIoLdd2_SetVal
                0x0000000000001290       0x18 ./Generated_Code/BitIoLdd2.o
                0x0000000000001290                BitIoLdd2_SetVal
 .text.BitIoLdd2_NegVal
                0x00000000000012a8       0x18 ./Generated_Code/BitIoLdd2.o
                0x00000000000012a8                BitIoLdd2_NegVal
 .text.Cpu_INT_NMIInterrupt
                0x00000000000012c0        0xc ./Generated_Code/Cpu.o
                0x00000000000012c0                Cpu_INT_NMIInterrupt
 .text.Cpu_Interrupt
                0x00000000000012cc        0xc ./Generated_Code/Cpu.o
                0x00000000000012cc                Cpu_Interrupt
 .text.__init_hardware
                0x00000000000012d8      0x1d4 ./Generated_Code/Cpu.o
                0x00000000000012d8                __init_hardware
 .text.PE_low_level_init
                0x00000000000014ac      0x120 ./Generated_Code/Cpu.o
                0x00000000000014ac                PE_low_level_init
 .text._read    0x00000000000015cc       0x80 ./Generated_Code/CsIO1.o
                0x00000000000015cc                _read
 .text._write   0x000000000000164c       0x70 ./Generated_Code/CsIO1.o
                0x000000000000164c                _write
 .text.ExtIntLdd1_Init
                0x00000000000016bc       0x90 ./Generated_Code/ExtIntLdd1.o
                0x00000000000016bc                ExtIntLdd1_Init
 .text.ExtIntLdd1_Interrupt
                0x000000000000174c       0x34 ./Generated_Code/ExtIntLdd1.o
                0x000000000000174c                ExtIntLdd1_Interrupt
 .text.IO1_Init
                0x0000000000001780      0x160 ./Generated_Code/IO1.o
                0x0000000000001780                IO1_Init
 .text.PTC_Init
                0x00000000000018e0       0x18 ./Generated_Code/PTC.o
                0x00000000000018e0                PTC_Init
 .text.SI7005_I2C_Interrupt
                0x00000000000018f8      0x208 ./Generated_Code/SI7005_I2C.o
                0x00000000000018f8                SI7005_I2C_Interrupt
 .text.SI7005_I2C_Init
                0x0000000000001b00      0x110 ./Generated_Code/SI7005_I2C.o
                0x0000000000001b00                SI7005_I2C_Init
 .text.SI7005_I2C_MasterSendBlock
                0x0000000000001c10      0x13c ./Generated_Code/SI7005_I2C.o
                0x0000000000001c10                SI7005_I2C_MasterSendBlock
 .text.SI7005_I2C_MasterReceiveBlock
                0x0000000000001d4c      0x148 ./Generated_Code/SI7005_I2C.o
                0x0000000000001d4c                SI7005_I2C_MasterReceiveBlock
 .text.SegLCD1_Init
                0x0000000000001e94      0x1ac ./Generated_Code/SegLCD1.o
                0x0000000000001e94                SegLCD1_Init
 .text.ExtIntLdd1_OnInterrupt
                0x0000000000002040       0x14 ./Generated_Code/sw1.o
                0x0000000000002040                ExtIntLdd1_OnInterrupt
 .text.memcpy   0x0000000000002054       0x12 /opt/Freescale/KDS_2.0.0/toolchain/lib/gcc/arm-none-eabi/4.8.0/../../../../arm-none-eabi/lib/libg.a(lib_a-memcpy.o)
                0x0000000000002054                memcpy
 .text.memset   0x0000000000002066       0x12 /opt/Freescale/KDS_2.0.0/toolchain/lib/gcc/arm-none-eabi/4.8.0/../../../../arm-none-eabi/lib/libg.a(lib_a-memset.o)
                0x0000000000002066                memset
 .text.printf   0x0000000000002078       0x24 /opt/Freescale/KDS_2.0.0/toolchain/lib/gcc/arm-none-eabi/4.8.0/../../../../arm-none-eabi/lib/libg.a(lib_a-printf.o)
                0x0000000000002078                printf
 .text._puts_r  0x000000000000209c       0x68 /opt/Freescale/KDS_2.0.0/toolchain/lib/gcc/arm-none-eabi/4.8.0/../../../../arm-none-eabi/lib/libg.a(lib_a-puts.o)
                0x000000000000209c                _puts_r
 .text.puts     0x0000000000002104       0x14 /opt/Freescale/KDS_2.0.0/toolchain/lib/gcc/arm-none-eabi/4.8.0/../../../../arm-none-eabi/lib/libg.a(lib_a-puts.o)
                0x0000000000002104                puts
 .text.setvbuf  0x0000000000002118       0xe4 /opt/Freescale/KDS_2.0.0/toolchain/lib/gcc/arm-none-eabi/4.8.0/../../../../arm-none-eabi/lib/libg.a(lib_a-setvbuf.o)
                0x0000000000002118                setvbuf
 .text.sprintf  0x00000000000021fc       0x44 /opt/Freescale/KDS_2.0.0/toolchain/lib/gcc/arm-none-eabi/4.8.0/../../../../arm-none-eabi/lib/libg.a(lib_a-sprintf.o)
                0x00000000000021fc                sprintf
 .text.strlen   0x0000000000002240        0xe /opt/Freescale/KDS_2.0.0/toolchain/lib/gcc/arm-none-eabi/4.8.0/../../../../arm-none-eabi/lib/libg.a(lib_a-strlen.o)
                0x0000000000002240                strlen
 *fill*         0x000000000000224e        0x2 
 .text._svfprintf_r
                0x0000000000002250      0xea8 /opt/Freescale/KDS_2.0.0/toolchain/lib/gcc/arm-none-eabi/4.8.0/../../../../arm-none-eabi/lib/libg.a(lib_a-svfprintf.o)
                0x0000000000002250                _svfprintf_r
 .text.invalid_fd
                0x00000000000030f8       0x1c /opt/Freescale/KDS_2.0.0/toolchain/lib/gcc/arm-none-eabi/4.8.0/../../../../arm-none-eabi/lib/libg.a(lib_a-syscalls.o)
 .text.error    0x0000000000003114       0x1c /opt/Freescale/KDS_2.0.0/toolchain/lib/gcc/arm-none-eabi/4.8.0/../../../../arm-none-eabi/lib/libg.a(lib_a-syscalls.o)
 .text.findslot.part.0
                0x0000000000003130       0x1c /opt/Freescale/KDS_2.0.0/toolchain/lib/gcc/arm-none-eabi/4.8.0/../../../../arm-none-eabi/lib/libg.a(lib_a-syscalls.o)
 .text.initialise_monitor_handles
                0x000000000000314c       0x78 /opt/Freescale/KDS_2.0.0/toolchain/lib/gcc/arm-none-eabi/4.8.0/../../../../arm-none-eabi/lib/libg.a(lib_a-syscalls.o)
 .text._swilseek
                0x00000000000031c4       0xa4 /opt/Freescale/KDS_2.0.0/toolchain/lib/gcc/arm-none-eabi/4.8.0/../../../../arm-none-eabi/lib/libg.a(lib_a-syscalls.o)
                0x00000000000031c4                _swilseek
 .text._lseek   0x0000000000003268       0x10 /opt/Freescale/KDS_2.0.0/toolchain/lib/gcc/arm-none-eabi/4.8.0/../../../../arm-none-eabi/lib/libg.a(lib_a-syscalls.o)
                0x0000000000003268                _lseek
 .text._swiclose
                0x0000000000003278       0x40 /opt/Freescale/KDS_2.0.0/toolchain/lib/gcc/arm-none-eabi/4.8.0/../../../../arm-none-eabi/lib/libg.a(lib_a-syscalls.o)
                0x0000000000003278                _swiclose
 .text._close   0x00000000000032b8       0x10 /opt/Freescale/KDS_2.0.0/toolchain/lib/gcc/arm-none-eabi/4.8.0/../../../../arm-none-eabi/lib/libg.a(lib_a-syscalls.o)
                0x00000000000032b8                _close
 .text._sbrk    0x00000000000032c8       0x38 /opt/Freescale/KDS_2.0.0/toolchain/lib/gcc/arm-none-eabi/4.8.0/../../../../arm-none-eabi/lib/libg.a(lib_a-syscalls.o)
                0x00000000000032c8                _sbrk
 .text._fstat   0x0000000000003300       0x1e /opt/Freescale/KDS_2.0.0/toolchain/lib/gcc/arm-none-eabi/4.8.0/../../../../arm-none-eabi/lib/libg.a(lib_a-syscalls.o)
                0x0000000000003300                _fstat
 *fill*         0x000000000000331e        0x2 
 .text._isatty  0x0000000000003320       0x44 /opt/Freescale/KDS_2.0.0/toolchain/lib/gcc/arm-none-eabi/4.8.0/../../../../arm-none-eabi/lib/libg.a(lib_a-syscalls.o)
                0x0000000000003320                _isatty
 *fill*         0x0000000000003364        0x4 
 .text._vfprintf_r
                0x0000000000003368      0xf60 /opt/Freescale/KDS_2.0.0/toolchain/lib/gcc/arm-none-eabi/4.8.0/../../../../arm-none-eabi/lib/libg.a(lib_a-vfprintf.o)
                0x0000000000003368                _vfprintf_r
 .text.__swsetup_r
                0x00000000000042c8       0xa8 /opt/Freescale/KDS_2.0.0/toolchain/lib/gcc/arm-none-eabi/4.8.0/../../../../arm-none-eabi/lib/libg.a(lib_a-wsetup.o)
                0x00000000000042c8                __swsetup_r
 .text.quorem   0x0000000000004370      0x118 /opt/Freescale/KDS_2.0.0/toolchain/lib/gcc/arm-none-eabi/4.8.0/../../../../arm-none-eabi/lib/libg.a(lib_a-dtoa.o)
 .text._dtoa_r  0x0000000000004488      0xba0 /opt/Freescale/KDS_2.0.0/toolchain/lib/gcc/arm-none-eabi/4.8.0/../../../../arm-none-eabi/lib/libg.a(lib_a-dtoa.o)
                0x0000000000004488                _dtoa_r
 .text.__errno  0x0000000000005028        0xc /opt/Freescale/KDS_2.0.0/toolchain/lib/gcc/arm-none-eabi/4.8.0/../../../../arm-none-eabi/lib/libg.a(lib_a-errno.o)
                0x0000000000005028                __errno
 .text._fflush_r
                0x0000000000005034      0x138 /opt/Freescale/KDS_2.0.0/toolchain/lib/gcc/arm-none-eabi/4.8.0/../../../../arm-none-eabi/lib/libg.a(lib_a-fflush.o)
                0x0000000000005034                _fflush_r
 .text._cleanup_r
                0x000000000000516c       0x10 /opt/Freescale/KDS_2.0.0/toolchain/lib/gcc/arm-none-eabi/4.8.0/../../../../arm-none-eabi/lib/libg.a(lib_a-findfp.o)
                0x000000000000516c                _cleanup_r
 .text.__sinit  0x000000000000517c       0xe0 /opt/Freescale/KDS_2.0.0/toolchain/lib/gcc/arm-none-eabi/4.8.0/../../../../arm-none-eabi/lib/libg.a(lib_a-findfp.o)
                0x000000000000517c                __sinit
 .text.__sfp_lock_acquire
                0x000000000000525c        0x2 /opt/Freescale/KDS_2.0.0/toolchain/lib/gcc/arm-none-eabi/4.8.0/../../../../arm-none-eabi/lib/libg.a(lib_a-findfp.o)
                0x000000000000525c                __sfp_lock_acquire
 .text.__sfp_lock_release
                0x000000000000525e        0x2 /opt/Freescale/KDS_2.0.0/toolchain/lib/gcc/arm-none-eabi/4.8.0/../../../../arm-none-eabi/lib/libg.a(lib_a-findfp.o)
                0x000000000000525e                __sfp_lock_release
 .text._malloc_trim_r
                0x0000000000005260       0xa0 /opt/Freescale/KDS_2.0.0/toolchain/lib/gcc/arm-none-eabi/4.8.0/../../../../arm-none-eabi/lib/libg.a(lib_a-freer.o)
                0x0000000000005260                _malloc_trim_r
 .text._free_r  0x0000000000005300      0x17c /opt/Freescale/KDS_2.0.0/toolchain/lib/gcc/arm-none-eabi/4.8.0/../../../../arm-none-eabi/lib/libg.a(lib_a-freer.o)
                0x0000000000005300                _free_r
 .text.__sfvwrite_r
                0x000000000000547c      0x2bc /opt/Freescale/KDS_2.0.0/toolchain/lib/gcc/arm-none-eabi/4.8.0/../../../../arm-none-eabi/lib/libg.a(lib_a-fvwrite.o)
                0x000000000000547c                __sfvwrite_r
 .text._fwalk   0x0000000000005738       0x46 /opt/Freescale/KDS_2.0.0/toolchain/lib/gcc/arm-none-eabi/4.8.0/../../../../arm-none-eabi/lib/libg.a(lib_a-fwalk.o)
                0x0000000000005738                _fwalk
 *fill*         0x000000000000577e        0x2 
 .text.__locale_charset
                0x0000000000005780        0x8 /opt/Freescale/KDS_2.0.0/toolchain/lib/gcc/arm-none-eabi/4.8.0/../../../../arm-none-eabi/lib/libg.a(lib_a-locale.o)
                0x0000000000005780                __locale_charset
 .text.__locale_mb_cur_max
                0x0000000000005788        0xc /opt/Freescale/KDS_2.0.0/toolchain/lib/gcc/arm-none-eabi/4.8.0/../../../../arm-none-eabi/lib/libg.a(lib_a-locale.o)
                0x0000000000005788                __locale_mb_cur_max
 .text._localeconv_r
                0x0000000000005794        0x8 /opt/Freescale/KDS_2.0.0/toolchain/lib/gcc/arm-none-eabi/4.8.0/../../../../arm-none-eabi/lib/libg.a(lib_a-locale.o)
                0x0000000000005794                _localeconv_r
 .text.__smakebuf_r
                0x000000000000579c       0xd8 /opt/Freescale/KDS_2.0.0/toolchain/lib/gcc/arm-none-eabi/4.8.0/../../../../arm-none-eabi/lib/libg.a(lib_a-makebuf.o)
                0x000000000000579c                __smakebuf_r
 .text.malloc   0x0000000000005874       0x14 /opt/Freescale/KDS_2.0.0/toolchain/lib/gcc/arm-none-eabi/4.8.0/../../../../arm-none-eabi/lib/libg.a(lib_a-malloc.o)
                0x0000000000005874                malloc
 .text._malloc_r
                0x0000000000005888      0x3fc /opt/Freescale/KDS_2.0.0/toolchain/lib/gcc/arm-none-eabi/4.8.0/../../../../arm-none-eabi/lib/libg.a(lib_a-mallocr.o)
                0x0000000000005888                _malloc_r
 .text.memchr   0x0000000000005c84       0x18 /opt/Freescale/KDS_2.0.0/toolchain/lib/gcc/arm-none-eabi/4.8.0/../../../../arm-none-eabi/lib/libg.a(lib_a-memchr.o)
                0x0000000000005c84                memchr
 .text.memmove  0x0000000000005c9c       0x30 /opt/Freescale/KDS_2.0.0/toolchain/lib/gcc/arm-none-eabi/4.8.0/../../../../arm-none-eabi/lib/libg.a(lib_a-memmove.o)
                0x0000000000005c9c                memmove
 .text.__malloc_lock
                0x0000000000005ccc        0x2 /opt/Freescale/KDS_2.0.0/toolchain/lib/gcc/arm-none-eabi/4.8.0/../../../../arm-none-eabi/lib/libg.a(lib_a-mlock.o)
                0x0000000000005ccc                __malloc_lock
 .text.__malloc_unlock
                0x0000000000005cce        0x2 /opt/Freescale/KDS_2.0.0/toolchain/lib/gcc/arm-none-eabi/4.8.0/../../../../arm-none-eabi/lib/libg.a(lib_a-mlock.o)
                0x0000000000005cce                __malloc_unlock
 .text._Balloc  0x0000000000005cd0       0x50 /opt/Freescale/KDS_2.0.0/toolchain/lib/gcc/arm-none-eabi/4.8.0/../../../../arm-none-eabi/lib/libg.a(lib_a-mprec.o)
                0x0000000000005cd0                _Balloc
 .text._Bfree   0x0000000000005d20       0x16 /opt/Freescale/KDS_2.0.0/toolchain/lib/gcc/arm-none-eabi/4.8.0/../../../../arm-none-eabi/lib/libg.a(lib_a-mprec.o)
                0x0000000000005d20                _Bfree
 .text.__multadd
                0x0000000000005d36       0x7c /opt/Freescale/KDS_2.0.0/toolchain/lib/gcc/arm-none-eabi/4.8.0/../../../../arm-none-eabi/lib/libg.a(lib_a-mprec.o)
                0x0000000000005d36                __multadd
 .text.__hi0bits
                0x0000000000005db2       0x3a /opt/Freescale/KDS_2.0.0/toolchain/lib/gcc/arm-none-eabi/4.8.0/../../../../arm-none-eabi/lib/libg.a(lib_a-mprec.o)
                0x0000000000005db2                __hi0bits
 .text.__lo0bits
                0x0000000000005dec       0x5c /opt/Freescale/KDS_2.0.0/toolchain/lib/gcc/arm-none-eabi/4.8.0/../../../../arm-none-eabi/lib/libg.a(lib_a-mprec.o)
                0x0000000000005dec                __lo0bits
 .text.__i2b    0x0000000000005e48       0x12 /opt/Freescale/KDS_2.0.0/toolchain/lib/gcc/arm-none-eabi/4.8.0/../../../../arm-none-eabi/lib/libg.a(lib_a-mprec.o)
                0x0000000000005e48                __i2b
 .text.__multiply
                0x0000000000005e5a      0x11e /opt/Freescale/KDS_2.0.0/toolchain/lib/gcc/arm-none-eabi/4.8.0/../../../../arm-none-eabi/lib/libg.a(lib_a-mprec.o)
                0x0000000000005e5a                __multiply
 .text.__pow5mult
                0x0000000000005f78       0x84 /opt/Freescale/KDS_2.0.0/toolchain/lib/gcc/arm-none-eabi/4.8.0/../../../../arm-none-eabi/lib/libg.a(lib_a-mprec.o)
                0x0000000000005f78                __pow5mult
 .text.__lshift
                0x0000000000005ffc       0xa4 /opt/Freescale/KDS_2.0.0/toolchain/lib/gcc/arm-none-eabi/4.8.0/../../../../arm-none-eabi/lib/libg.a(lib_a-mprec.o)
                0x0000000000005ffc                __lshift
 .text.__mcmp   0x00000000000060a0       0x36 /opt/Freescale/KDS_2.0.0/toolchain/lib/gcc/arm-none-eabi/4.8.0/../../../../arm-none-eabi/lib/libg.a(lib_a-mprec.o)
                0x00000000000060a0                __mcmp
 .text.__mdiff  0x00000000000060d6       0xcc /opt/Freescale/KDS_2.0.0/toolchain/lib/gcc/arm-none-eabi/4.8.0/../../../../arm-none-eabi/lib/libg.a(lib_a-mprec.o)
                0x00000000000060d6                __mdiff
 *fill*         0x00000000000061a2        0x2 
 .text.__d2b    0x00000000000061a4       0xb0 /opt/Freescale/KDS_2.0.0/toolchain/lib/gcc/arm-none-eabi/4.8.0/../../../../arm-none-eabi/lib/libg.a(lib_a-mprec.o)
                0x00000000000061a4                __d2b
 .text._realloc_r
                0x0000000000006254      0x348 /opt/Freescale/KDS_2.0.0/toolchain/lib/gcc/arm-none-eabi/4.8.0/../../../../arm-none-eabi/lib/libg.a(lib_a-reallocr.o)
                0x0000000000006254                _realloc_r
 .text.__fpclassifyd
                0x000000000000659c       0x54 /opt/Freescale/KDS_2.0.0/toolchain/lib/gcc/arm-none-eabi/4.8.0/../../../../arm-none-eabi/lib/libg.a(lib_a-s_fpclassify.o)
                0x000000000000659c                __fpclassifyd
 .text._sbrk_r  0x00000000000065f0       0x24 /opt/Freescale/KDS_2.0.0/toolchain/lib/gcc/arm-none-eabi/4.8.0/../../../../arm-none-eabi/lib/libg.a(lib_a-sbrkr.o)
                0x00000000000065f0                _sbrk_r
 .text.__sread  0x0000000000006614       0x28 /opt/Freescale/KDS_2.0.0/toolchain/lib/gcc/arm-none-eabi/4.8.0/../../../../arm-none-eabi/lib/libg.a(lib_a-stdio.o)
                0x0000000000006614                __sread
 .text.__swrite
                0x000000000000663c       0x38 /opt/Freescale/KDS_2.0.0/toolchain/lib/gcc/arm-none-eabi/4.8.0/../../../../arm-none-eabi/lib/libg.a(lib_a-stdio.o)
                0x000000000000663c                __swrite
 .text.__sseek  0x0000000000006674       0x2c /opt/Freescale/KDS_2.0.0/toolchain/lib/gcc/arm-none-eabi/4.8.0/../../../../arm-none-eabi/lib/libg.a(lib_a-stdio.o)
                0x0000000000006674                __sseek
 .text.__sclose
                0x00000000000066a0        0xc /opt/Freescale/KDS_2.0.0/toolchain/lib/gcc/arm-none-eabi/4.8.0/../../../../arm-none-eabi/lib/libg.a(lib_a-stdio.o)
                0x00000000000066a0                __sclose
 .text.__ssprint_r
                0x00000000000066ac      0x100 /opt/Freescale/KDS_2.0.0/toolchain/lib/gcc/arm-none-eabi/4.8.0/../../../../arm-none-eabi/lib/libg.a(lib_a-svfiprintf.o)
                0x00000000000066ac                __ssprint_r
 .text.__sprint_r
                0x00000000000067ac       0x68 /opt/Freescale/KDS_2.0.0/toolchain/lib/gcc/arm-none-eabi/4.8.0/../../../../arm-none-eabi/lib/libg.a(lib_a-vfiprintf.o)
                0x00000000000067ac                __sprint_r
 .text._write_r
                0x0000000000006814       0x28 /opt/Freescale/KDS_2.0.0/toolchain/lib/gcc/arm-none-eabi/4.8.0/../../../../arm-none-eabi/lib/libg.a(lib_a-writer.o)
                0x0000000000006814                _write_r
 .text._calloc_r
                0x000000000000683c       0x58 /opt/Freescale/KDS_2.0.0/toolchain/lib/gcc/arm-none-eabi/4.8.0/../../../../arm-none-eabi/lib/libg.a(lib_a-callocr.o)
                0x000000000000683c                _calloc_r
 .text._close_r
                0x0000000000006894       0x24 /opt/Freescale/KDS_2.0.0/toolchain/lib/gcc/arm-none-eabi/4.8.0/../../../../arm-none-eabi/lib/libg.a(lib_a-closer.o)
                0x0000000000006894                _close_r
 .text._fclose_r
                0x00000000000068b8       0x88 /opt/Freescale/KDS_2.0.0/toolchain/lib/gcc/arm-none-eabi/4.8.0/../../../../arm-none-eabi/lib/libg.a(lib_a-fclose.o)
                0x00000000000068b8                _fclose_r
 .text.fclose   0x0000000000006940       0x14 /opt/Freescale/KDS_2.0.0/toolchain/lib/gcc/arm-none-eabi/4.8.0/../../../../arm-none-eabi/lib/libg.a(lib_a-fclose.o)
                0x0000000000006940                fclose
 .text._fputwc_r
                0x0000000000006954       0xb0 /opt/Freescale/KDS_2.0.0/toolchain/lib/gcc/arm-none-eabi/4.8.0/../../../../arm-none-eabi/lib/libg.a(lib_a-fputwc.o)
                0x0000000000006954                _fputwc_r
 .text._fstat_r
                0x0000000000006a04       0x24 /opt/Freescale/KDS_2.0.0/toolchain/lib/gcc/arm-none-eabi/4.8.0/../../../../arm-none-eabi/lib/libg.a(lib_a-fstatr.o)
                0x0000000000006a04                _fstat_r
 .text._isatty_r
                0x0000000000006a28       0x24 /opt/Freescale/KDS_2.0.0/toolchain/lib/gcc/arm-none-eabi/4.8.0/../../../../arm-none-eabi/lib/libg.a(lib_a-isattyr.o)
                0x0000000000006a28                _isatty_r
 .text._lseek_r
                0x0000000000006a4c       0x28 /opt/Freescale/KDS_2.0.0/toolchain/lib/gcc/arm-none-eabi/4.8.0/../../../../arm-none-eabi/lib/libg.a(lib_a-lseekr.o)
                0x0000000000006a4c                _lseek_r
 .text._read_r  0x0000000000006a74       0x28 /opt/Freescale/KDS_2.0.0/toolchain/lib/gcc/arm-none-eabi/4.8.0/../../../../arm-none-eabi/lib/libg.a(lib_a-readr.o)
                0x0000000000006a74                _read_r
 .text.__swbuf_r
                0x0000000000006a9c       0xb0 /opt/Freescale/KDS_2.0.0/toolchain/lib/gcc/arm-none-eabi/4.8.0/../../../../arm-none-eabi/lib/libg.a(lib_a-wbuf.o)
                0x0000000000006a9c                __swbuf_r
 .text._wcrtomb_r
                0x0000000000006b4c       0x48 /opt/Freescale/KDS_2.0.0/toolchain/lib/gcc/arm-none-eabi/4.8.0/../../../../arm-none-eabi/lib/libg.a(lib_a-wcrtomb.o)
                0x0000000000006b4c                _wcrtomb_r
 .text.__ascii_wctomb
                0x0000000000006b94       0x1e /opt/Freescale/KDS_2.0.0/toolchain/lib/gcc/arm-none-eabi/4.8.0/../../../../arm-none-eabi/lib/libg.a(lib_a-wctomb_r.o)
                0x0000000000006b94                __ascii_wctomb
 *fill*         0x0000000000006bb2        0x2 
 .text.__aeabi_dadd
                0x0000000000006bb4      0x5e4 /opt/Freescale/KDS_2.0.0/toolchain/lib/gcc/arm-none-eabi/4.8.0/libgcc.a(adddf3.o)
                0x0000000000006bb4                __aeabi_dadd
 .text.__aeabi_ddiv
                0x0000000000007198      0x560 /opt/Freescale/KDS_2.0.0/toolchain/lib/gcc/arm-none-eabi/4.8.0/libgcc.a(divdf3.o)
                0x0000000000007198                __aeabi_ddiv
 .text.__eqdf2  0x00000000000076f8       0x7c /opt/Freescale/KDS_2.0.0/toolchain/lib/gcc/arm-none-eabi/4.8.0/libgcc.a(eqdf2.o)
                0x00000000000076f8                __eqdf2
                0x00000000000076f8                __nedf2
 .text.__gedf2  0x0000000000007774       0xcc /opt/Freescale/KDS_2.0.0/toolchain/lib/gcc/arm-none-eabi/4.8.0/libgcc.a(gedf2.o)
                0x0000000000007774                __gtdf2
                0x0000000000007774                __gedf2
 .text.__ledf2  0x0000000000007840       0xd0 /opt/Freescale/KDS_2.0.0/toolchain/lib/gcc/arm-none-eabi/4.8.0/libgcc.a(ledf2.o)
                0x0000000000007840                __ltdf2
                0x0000000000007840                __ledf2
 .text.__aeabi_dmul
                0x0000000000007910      0x440 /opt/Freescale/KDS_2.0.0/toolchain/lib/gcc/arm-none-eabi/4.8.0/libgcc.a(muldf3.o)
                0x0000000000007910                __aeabi_dmul
 .text.__aeabi_dsub
                0x0000000000007d50      0x5f0 /opt/Freescale/KDS_2.0.0/toolchain/lib/gcc/arm-none-eabi/4.8.0/libgcc.a(subdf3.o)
                0x0000000000007d50                __aeabi_dsub
 .text.__aeabi_d2iz
                0x0000000000008340       0x6c /opt/Freescale/KDS_2.0.0/toolchain/lib/gcc/arm-none-eabi/4.8.0/libgcc.a(fixdfsi.o)
                0x0000000000008340                __aeabi_d2iz
 .text.__aeabi_i2d
                0x00000000000083ac       0x6c /opt/Freescale/KDS_2.0.0/toolchain/lib/gcc/arm-none-eabi/4.8.0/libgcc.a(floatsidf.o)
                0x00000000000083ac                __aeabi_i2d
 .text.__aeabi_ui2d
                0x0000000000008418       0x5c /opt/Freescale/KDS_2.0.0/toolchain/lib/gcc/arm-none-eabi/4.8.0/libgcc.a(floatunsidf.o)
                0x0000000000008418                __aeabi_ui2d
 *(.rodata)
 .rodata        0x0000000000008474        0x8 ./Sources/si7005/si7005.o
 .rodata        0x000000000000847c       0x74 ./Sources/ProcessorExpert.o
 *(.rodata*)
 .rodata.WF_ORDERING_TABLE
                0x00000000000084f0        0xc ./Sources/LCD/s401.o
                0x00000000000084f0                WF_ORDERING_TABLE
 .rodata.ASCII_TO_WF_CODIFICATION_TABLE
                0x00000000000084fc       0x64 ./Sources/LCD/s401.o
                0x00000000000084fc                ASCII_TO_WF_CODIFICATION_TABLE
 .rodata.str1.1
                0x0000000000008560        0x2 /opt/Freescale/KDS_2.0.0/toolchain/lib/gcc/arm-none-eabi/4.8.0/../../../../arm-none-eabi/lib/libg.a(lib_a-impure.o)
 .rodata.str1.1
                0x0000000000008562        0x2 /opt/Freescale/KDS_2.0.0/toolchain/lib/gcc/arm-none-eabi/4.8.0/../../../../arm-none-eabi/lib/libg.a(lib_a-puts.o)
 .rodata.blanks.6723
                0x0000000000008564       0x10 /opt/Freescale/KDS_2.0.0/toolchain/lib/gcc/arm-none-eabi/4.8.0/../../../../arm-none-eabi/lib/libg.a(lib_a-svfprintf.o)
 .rodata.str1.1
                0x0000000000008574       0x34 /opt/Freescale/KDS_2.0.0/toolchain/lib/gcc/arm-none-eabi/4.8.0/../../../../arm-none-eabi/lib/libg.a(lib_a-svfprintf.o)
 .rodata.zeroes.6724
                0x00000000000085a8       0x10 /opt/Freescale/KDS_2.0.0/toolchain/lib/gcc/arm-none-eabi/4.8.0/../../../../arm-none-eabi/lib/libg.a(lib_a-svfprintf.o)
 .rodata.str1.1
                0x00000000000085b8        0x4 /opt/Freescale/KDS_2.0.0/toolchain/lib/gcc/arm-none-eabi/4.8.0/../../../../arm-none-eabi/lib/libg.a(lib_a-syscalls.o)
 .rodata.blanks.6738
                0x00000000000085bc       0x10 /opt/Freescale/KDS_2.0.0/toolchain/lib/gcc/arm-none-eabi/4.8.0/../../../../arm-none-eabi/lib/libg.a(lib_a-vfprintf.o)
 .rodata.str1.1
                0x0000000000000000       0x34 /opt/Freescale/KDS_2.0.0/toolchain/lib/gcc/arm-none-eabi/4.8.0/../../../../arm-none-eabi/lib/libg.a(lib_a-vfprintf.o)
 .rodata.zeroes.6739
                0x00000000000085cc       0x10 /opt/Freescale/KDS_2.0.0/toolchain/lib/gcc/arm-none-eabi/4.8.0/../../../../arm-none-eabi/lib/libg.a(lib_a-vfprintf.o)
 .rodata.str1.1
                0x00000000000085dc        0xd /opt/Freescale/KDS_2.0.0/toolchain/lib/gcc/arm-none-eabi/4.8.0/../../../../arm-none-eabi/lib/libg.a(lib_a-dtoa.o)
                                          0xf (size before relaxing)
 .rodata.str1.1
                0x00000000000085e9        0x8 /opt/Freescale/KDS_2.0.0/toolchain/lib/gcc/arm-none-eabi/4.8.0/../../../../arm-none-eabi/lib/libg.a(lib_a-locale.o)
                                          0xb (size before relaxing)
 *fill*         0x00000000000085f1        0x7 
 .rodata.__mprec_tens
                0x00000000000085f8       0xc8 /opt/Freescale/KDS_2.0.0/toolchain/lib/gcc/arm-none-eabi/4.8.0/../../../../arm-none-eabi/lib/libg.a(lib_a-mprec.o)
                0x00000000000085f8                __mprec_tens
 .rodata.p05.5245
                0x00000000000086c0        0xc /opt/Freescale/KDS_2.0.0/toolchain/lib/gcc/arm-none-eabi/4.8.0/../../../../arm-none-eabi/lib/libg.a(lib_a-mprec.o)
 *fill*         0x00000000000086cc        0x4 
 .rodata.__mprec_bigtens
                0x00000000000086d0       0x28 /opt/Freescale/KDS_2.0.0/toolchain/lib/gcc/arm-none-eabi/4.8.0/../../../../arm-none-eabi/lib/libg.a(lib_a-mprec.o)
                0x00000000000086d0                __mprec_bigtens
 *(.glue_7)
 .glue_7        0x0000000000000000        0x0 linker stubs
 *(.glue_7t)
 .glue_7t       0x0000000000000000        0x0 linker stubs
 *(.eh_frame)
 .eh_frame      0x00000000000086f8        0x0 /opt/Freescale/KDS_2.0.0/toolchain/lib/gcc/arm-none-eabi/4.8.0/crtbegin.o
 *(.init)
 .init          0x00000000000086f8        0x4 /opt/Freescale/KDS_2.0.0/toolchain/lib/gcc/arm-none-eabi/4.8.0/crti.o
                0x00000000000086f8                _init
 .init          0x00000000000086fc        0x8 /opt/Freescale/KDS_2.0.0/toolchain/lib/gcc/arm-none-eabi/4.8.0/crtn.o
 *(.fini)
 .fini          0x0000000000008704        0x4 /opt/Freescale/KDS_2.0.0/toolchain/lib/gcc/arm-none-eabi/4.8.0/crti.o
                0x0000000000008704                _fini
 .fini          0x0000000000008708        0x8 /opt/Freescale/KDS_2.0.0/toolchain/lib/gcc/arm-none-eabi/4.8.0/crtn.o
                0x0000000000008710                . = ALIGN (0x4)
                0x0000000000008710                _etext = .

.vfp11_veneer   0x0000000000008710        0x0
 .vfp11_veneer  0x0000000000000000        0x0 linker stubs

.v4_bx          0x0000000000008710        0x0
 .v4_bx         0x0000000000000000        0x0 linker stubs

.iplt           0x0000000000008710        0x0
 .iplt          0x0000000000000000        0x0 /opt/Freescale/KDS_2.0.0/toolchain/lib/gcc/arm-none-eabi/4.8.0/crtbegin.o

.rel.dyn        0x0000000000008710        0x0
 .rel.iplt      0x0000000000000000        0x0 /opt/Freescale/KDS_2.0.0/toolchain/lib/gcc/arm-none-eabi/4.8.0/crtbegin.o

.ARM.extab
 *(.ARM.extab* .gnu.linkonce.armextab.*)

.ARM            0x0000000000008710        0x0
                0x0000000000008710                __exidx_start = .
 *(.ARM.exidx*)
                0x0000000000008710                __exidx_end = .

.ctors          0x0000000000008710        0x0
                0x0000000000008710                __CTOR_LIST__ = .
 *crtbegin.o(.ctors)
 *(EXCLUDE_FILE(*crtend.o) .ctors)
 *(SORT(.ctors.*))
 *(.ctors)
                0x0000000000008710                __CTOR_END__ = .

.dtors          0x0000000000008710        0x0
                0x0000000000008710                __DTOR_LIST__ = .
 *crtbegin.o(.dtors)
 *(EXCLUDE_FILE(*crtend.o) .dtors)
 *(SORT(.dtors.*))
 *(.dtors)
                0x0000000000008710                __DTOR_END__ = .

.preinit_array  0x0000000000008710        0x0
                0x0000000000008710                PROVIDE (__preinit_array_start, .)
 *(.preinit_array*)
                0x0000000000008710                PROVIDE (__preinit_array_end, .)

.init_array     0x0000000000008710        0x4
                0x0000000000008710                PROVIDE (__init_array_start, .)
 *(SORT(.init_array.*))
 *(.init_array*)
 .init_array    0x0000000000008710        0x4 /opt/Freescale/KDS_2.0.0/toolchain/lib/gcc/arm-none-eabi/4.8.0/crtbegin.o
                0x0000000000008714                PROVIDE (__init_array_end, .)

.fini_array     0x0000000000008714        0x4
                0x0000000000008714                PROVIDE (__fini_array_start, .)
 *(SORT(.fini_array.*))
 *(.fini_array*)
 .fini_array    0x0000000000008714        0x4 /opt/Freescale/KDS_2.0.0/toolchain/lib/gcc/arm-none-eabi/4.8.0/crtbegin.o
                0x0000000000008718                PROVIDE (__fini_array_end, .)
                0x0000000000008718                ___ROM_AT = .

.mtb            0x000000001fffe000        0x0
                0x000000001fffe000                . = ALIGN (0x8)
                0x000000001fffe000                _mtb_start = .
 *(.mtb_buf)
                0x000000001fffe000                . = ALIGN (0x8)
                0x000000001fffe000                _mtb_end = .

.data           0x000000001fffe000      0x89c load address 0x0000000000008718
                0x000000001fffe000                . = ALIGN (0x4)
                0x000000001fffe000                _sdata = .
 *(.data)
 *(.data*)
 .data.impure_data
                0x000000001fffe000      0x428 /opt/Freescale/KDS_2.0.0/toolchain/lib/gcc/arm-none-eabi/4.8.0/../../../../arm-none-eabi/lib/libg.a(lib_a-impure.o)
 .data._impure_ptr
                0x000000001fffe428        0x4 /opt/Freescale/KDS_2.0.0/toolchain/lib/gcc/arm-none-eabi/4.8.0/../../../../arm-none-eabi/lib/libg.a(lib_a-impure.o)
                0x000000001fffe428                _impure_ptr
 .data.lconv    0x000000001fffe42c       0x38 /opt/Freescale/KDS_2.0.0/toolchain/lib/gcc/arm-none-eabi/4.8.0/../../../../arm-none-eabi/lib/libg.a(lib_a-locale.o)
 .data.lc_ctype_charset
                0x000000001fffe464       0x20 /opt/Freescale/KDS_2.0.0/toolchain/lib/gcc/arm-none-eabi/4.8.0/../../../../arm-none-eabi/lib/libg.a(lib_a-locale.o)
 .data.__mb_cur_max
                0x000000001fffe484        0x4 /opt/Freescale/KDS_2.0.0/toolchain/lib/gcc/arm-none-eabi/4.8.0/../../../../arm-none-eabi/lib/libg.a(lib_a-locale.o)
                0x000000001fffe484                __mb_cur_max
 .data.__malloc_av_
                0x000000001fffe488      0x408 /opt/Freescale/KDS_2.0.0/toolchain/lib/gcc/arm-none-eabi/4.8.0/../../../../arm-none-eabi/lib/libg.a(lib_a-mallocr.o)
                0x000000001fffe488                __malloc_av_
 .data.__malloc_trim_threshold
                0x000000001fffe890        0x4 /opt/Freescale/KDS_2.0.0/toolchain/lib/gcc/arm-none-eabi/4.8.0/../../../../arm-none-eabi/lib/libg.a(lib_a-mallocr.o)
                0x000000001fffe890                __malloc_trim_threshold
 .data.__malloc_sbrk_base
                0x000000001fffe894        0x4 /opt/Freescale/KDS_2.0.0/toolchain/lib/gcc/arm-none-eabi/4.8.0/../../../../arm-none-eabi/lib/libg.a(lib_a-mallocr.o)
                0x000000001fffe894                __malloc_sbrk_base
 .data.__wctomb
                0x000000001fffe898        0x4 /opt/Freescale/KDS_2.0.0/toolchain/lib/gcc/arm-none-eabi/4.8.0/../../../../arm-none-eabi/lib/libg.a(lib_a-wctomb_r.o)
                0x000000001fffe898                __wctomb
                0x000000001fffe89c                . = ALIGN (0x4)
                0x000000001fffe89c                _edata = .
                0x000000000000089c                ___data_size = (_edata - _sdata)

.jcr            0x000000001fffe89c        0x0 load address 0x0000000000008fb4
 .jcr           0x000000001fffe89c        0x0 /opt/Freescale/KDS_2.0.0/toolchain/lib/gcc/arm-none-eabi/4.8.0/crtbegin.o

.tm_clone_table
                0x000000001fffe89c        0x0 load address 0x0000000000008fb4
 .tm_clone_table
                0x000000001fffe89c        0x0 /opt/Freescale/KDS_2.0.0/toolchain/lib/gcc/arm-none-eabi/4.8.0/crtbegin.o
 .tm_clone_table
                0x000000001fffe89c        0x0 /opt/Freescale/KDS_2.0.0/toolchain/lib/gcc/arm-none-eabi/4.8.0/crtend.o

.igot.plt       0x000000001fffe89c        0x0 load address 0x0000000000008fb4
 .igot.plt      0x0000000000000000        0x0 /opt/Freescale/KDS_2.0.0/toolchain/lib/gcc/arm-none-eabi/4.8.0/crtbegin.o
                0x000000001fffe89c                . = ALIGN (0x4)

.bss            0x000000001fffe89c      0x1ec load address 0x0000000000008fb4
                0x000000001fffe89c                __START_BSS = .
                0x000000001fffe89c                PROVIDE (__bss_start__, __START_BSS)
 *(.bss)
 *(.bss*)
 .bss.completed.6137
                0x000000001fffe89c        0x1 /opt/Freescale/KDS_2.0.0/toolchain/lib/gcc/arm-none-eabi/4.8.0/crtbegin.o
 *fill*         0x000000001fffe89d        0x3 
 .bss.object.6142
                0x000000001fffe8a0       0x18 /opt/Freescale/KDS_2.0.0/toolchain/lib/gcc/arm-none-eabi/4.8.0/crtbegin.o
 .bss.si7005_data_sent_flag
                0x000000001fffe8b8        0x1 ./Sources/si7005/si7005.o
                0x000000001fffe8b8                si7005_data_sent_flag
 .bss.si7005_data_receive_flag
                0x000000001fffe8b9        0x1 ./Sources/si7005/si7005.o
                0x000000001fffe8b9                si7005_data_receive_flag
 *fill*         0x000000001fffe8ba        0x2 
 .bss.argv      0x000000001fffe8bc       0x28 ./Project_Settings/Startup_Code/startup.o
 .bss.DeviceDataPrv__DEFAULT_RTOS_ALLOC
                0x000000001fffe8e4        0x4 ./Generated_Code/BitIoLdd1.o
 .bss.DeviceDataPrv__DEFAULT_RTOS_ALLOC
                0x000000001fffe8e8        0x4 ./Generated_Code/BitIoLdd2.o
 .bss.SR_lock   0x000000001fffe8ec        0x1 ./Generated_Code/Cpu.o
                0x000000001fffe8ec                SR_lock
 *fill*         0x000000001fffe8ed        0x3 
 .bss.DeviceDataPrv__DEFAULT_RTOS_ALLOC
                0x000000001fffe8f0        0x4 ./Generated_Code/ExtIntLdd1.o
 .bss.INT_PORTC_PORTD__DEFAULT_RTOS_ISRPARAM
                0x000000001fffe8f4        0x4 ./Generated_Code/ExtIntLdd1.o
 .bss.DeviceDataPrv__DEFAULT_RTOS_ALLOC
                0x000000001fffe8f8       0x18 ./Generated_Code/IO1.o
 .bss.PE_LDD_DeviceDataList
                0x000000001fffe910       0x18 ./Generated_Code/PE_LDD.o
                0x000000001fffe910                PE_LDD_DeviceDataList
 .bss.DeviceDataPrv__DEFAULT_RTOS_ALLOC
                0x000000001fffe928       0x14 ./Generated_Code/SI7005_I2C.o
 .bss.INT_I2C0__DEFAULT_RTOS_ISRPARAM
                0x000000001fffe93c        0x4 ./Generated_Code/SI7005_I2C.o
 .bss.DeviceDataPrv__DEFAULT_RTOS_ALLOC
                0x000000001fffe940        0x4 ./Generated_Code/SegLCD1.o
 .bss.monitor_stdout
                0x000000001fffe944        0x4 /opt/Freescale/KDS_2.0.0/toolchain/lib/gcc/arm-none-eabi/4.8.0/../../../../arm-none-eabi/lib/libg.a(lib_a-syscalls.o)
 .bss.monitor_stdin
                0x000000001fffe948        0x4 /opt/Freescale/KDS_2.0.0/toolchain/lib/gcc/arm-none-eabi/4.8.0/../../../../arm-none-eabi/lib/libg.a(lib_a-syscalls.o)
 .bss.heap_end.5177
                0x000000001fffe94c        0x4 /opt/Freescale/KDS_2.0.0/toolchain/lib/gcc/arm-none-eabi/4.8.0/../../../../arm-none-eabi/lib/libg.a(lib_a-syscalls.o)
 .bss.monitor_stderr
                0x000000001fffe950        0x4 /opt/Freescale/KDS_2.0.0/toolchain/lib/gcc/arm-none-eabi/4.8.0/../../../../arm-none-eabi/lib/libg.a(lib_a-syscalls.o)
 .bss.openfiles
                0x000000001fffe954       0xa0 /opt/Freescale/KDS_2.0.0/toolchain/lib/gcc/arm-none-eabi/4.8.0/../../../../arm-none-eabi/lib/libg.a(lib_a-syscalls.o)
 .bss.__malloc_max_total_mem
                0x000000001fffe9f4        0x4 /opt/Freescale/KDS_2.0.0/toolchain/lib/gcc/arm-none-eabi/4.8.0/../../../../arm-none-eabi/lib/libg.a(lib_a-mallocr.o)
                0x000000001fffe9f4                __malloc_max_total_mem
 .bss.__malloc_max_sbrked_mem
                0x000000001fffe9f8        0x4 /opt/Freescale/KDS_2.0.0/toolchain/lib/gcc/arm-none-eabi/4.8.0/../../../../arm-none-eabi/lib/libg.a(lib_a-mallocr.o)
                0x000000001fffe9f8                __malloc_max_sbrked_mem
 .bss.__malloc_top_pad
                0x000000001fffe9fc        0x4 /opt/Freescale/KDS_2.0.0/toolchain/lib/gcc/arm-none-eabi/4.8.0/../../../../arm-none-eabi/lib/libg.a(lib_a-mallocr.o)
                0x000000001fffe9fc                __malloc_top_pad
 .bss.__malloc_current_mallinfo
                0x000000001fffea00       0x28 /opt/Freescale/KDS_2.0.0/toolchain/lib/gcc/arm-none-eabi/4.8.0/../../../../arm-none-eabi/lib/libg.a(lib_a-mallocr.o)
                0x000000001fffea00                __malloc_current_mallinfo
 *(COMMON)
 COMMON         0x000000001fffea28       0x24 ./Sources/LCD/LCD.o
                0x000000001fffea28                bLCD_CharPosition
                0x000000001fffea29                lcd_alternate_mode
                0x000000001fffea2c                lcdBuffer
 COMMON         0x000000001fffea4c       0x34 ./Sources/ProcessorExpert.o
                0x000000001fffea4c                sLCDBuffer
                0x000000001fffea5c                main_counter
                0x000000001fffea60                InpData
                0x000000001fffea70                MySegLCDPtr
                0x000000001fffea74                sw1_pressed_flag
                0x000000001fffea75                rH
                0x000000001fffea76                Error
                0x000000001fffea78                temperat
                0x000000001fffea7c                si7005_device_data_p
 COMMON         0x000000001fffea80        0x1 ./Generated_Code/Cpu.o
                0x000000001fffea80                SR_reg
 *fill*         0x000000001fffea81        0x3 
 COMMON         0x000000001fffea84        0x4 /opt/Freescale/KDS_2.0.0/toolchain/lib/gcc/arm-none-eabi/4.8.0/../../../../arm-none-eabi/lib/libg.a(lib_a-reent.o)
                0x000000001fffea84                errno
                0x000000001fffea88                . = ALIGN (0x4)
                0x000000001fffea88                __END_BSS = .
                0x000000001fffea88                PROVIDE (__bss_end__, __END_BSS)
                0x0000000000008fb4                _romp_at = (___ROM_AT + SIZEOF (.data))

.romp           0x000000001fffea88       0x18 load address 0x0000000000008fb4
                0x0000000000008fb4                __S_romp = _romp_at
                0x000000001fffea88        0x4 LONG 0x8718 ___ROM_AT
                0x000000001fffea8c        0x4 LONG 0x1fffe000 _sdata
                0x000000001fffea90        0x4 LONG 0x89c ___data_size
                0x000000001fffea94        0x4 LONG 0x0
                0x000000001fffea98        0x4 LONG 0x0
                0x000000001fffea9c        0x4 LONG 0x0

._user_heap_stack
                0x000000001fffeaa0      0x400 load address 0x0000000000008fcc
                0x000000001fffeaa0                . = ALIGN (0x4)
                0x000000001fffeaa0                PROVIDE (end, .)
                0x000000001fffeaa0                PROVIDE (_end, .)
                0x000000001fffeaa0                __heap_addr = .
                0x000000001fffeaa0                __HeapBase = .
                0x000000001fffeaa0                . = (. + __heap_size)
                0x000000001fffeaa0                __HeapLimit = .
                0x000000001fffeea0                . = (. + __stack_size)
 *fill*         0x000000001fffeaa0      0x400 
                0x000000001fffeea0                . = ALIGN (0x4)

.ARM.attributes
                0x0000000000000000       0x2f
 *(.ARM.attributes)
 .ARM.attributes
                0x0000000000000000       0x23 /opt/Freescale/KDS_2.0.0/toolchain/lib/gcc/arm-none-eabi/4.8.0/crti.o
 .ARM.attributes
                0x0000000000000023       0x31 /opt/Freescale/KDS_2.0.0/toolchain/lib/gcc/arm-none-eabi/4.8.0/crtbegin.o
 .ARM.attributes
                0x0000000000000054       0x31 ./Sources/si7005/si7005.o
 .ARM.attributes
                0x0000000000000085       0x31 ./Sources/LCD/LCD.o
 .ARM.attributes
                0x00000000000000b6       0x31 ./Sources/LCD/s401.o
 .ARM.attributes
                0x00000000000000e7       0x31 ./Sources/Events.o
 .ARM.attributes
                0x0000000000000118       0x31 ./Sources/ProcessorExpert.o
 .ARM.attributes
                0x0000000000000149       0x31 ./Project_Settings/Startup_Code/startup.o
 .ARM.attributes
                0x000000000000017a       0x31 ./Generated_Code/BitIoLdd1.o
 .ARM.attributes
                0x00000000000001ab       0x31 ./Generated_Code/BitIoLdd2.o
 .ARM.attributes
                0x00000000000001dc       0x31 ./Generated_Code/Cpu.o
 .ARM.attributes
                0x000000000000020d       0x31 ./Generated_Code/CsIO1.o
 .ARM.attributes
                0x000000000000023e       0x31 ./Generated_Code/ExtIntLdd1.o
 .ARM.attributes
                0x000000000000026f       0x31 ./Generated_Code/IO1.o
 .ARM.attributes
                0x00000000000002a0       0x31 ./Generated_Code/PE_LDD.o
 .ARM.attributes
                0x00000000000002d1       0x31 ./Generated_Code/PTC.o
 .ARM.attributes
                0x0000000000000302       0x31 ./Generated_Code/SI7005_I2C.o
 .ARM.attributes
                0x0000000000000333       0x31 ./Generated_Code/SegLCD1.o
 .ARM.attributes
                0x0000000000000364       0x31 ./Generated_Code/Vectors.o
 .ARM.attributes
                0x0000000000000395       0x31 ./Generated_Code/sw1.o
 .ARM.attributes
                0x00000000000003c6       0x31 /opt/Freescale/KDS_2.0.0/toolchain/lib/gcc/arm-none-eabi/4.8.0/../../../../arm-none-eabi/lib/libg.a(lib_a-impure.o)
 .ARM.attributes
                0x00000000000003f7       0x31 /opt/Freescale/KDS_2.0.0/toolchain/lib/gcc/arm-none-eabi/4.8.0/../../../../arm-none-eabi/lib/libg.a(lib_a-memcpy.o)
 .ARM.attributes
                0x0000000000000428       0x31 /opt/Freescale/KDS_2.0.0/toolchain/lib/gcc/arm-none-eabi/4.8.0/../../../../arm-none-eabi/lib/libg.a(lib_a-memset.o)
 .ARM.attributes
                0x0000000000000459       0x31 /opt/Freescale/KDS_2.0.0/toolchain/lib/gcc/arm-none-eabi/4.8.0/../../../../arm-none-eabi/lib/libg.a(lib_a-printf.o)
 .ARM.attributes
                0x000000000000048a       0x31 /opt/Freescale/KDS_2.0.0/toolchain/lib/gcc/arm-none-eabi/4.8.0/../../../../arm-none-eabi/lib/libg.a(lib_a-puts.o)
 .ARM.attributes
                0x00000000000004bb       0x31 /opt/Freescale/KDS_2.0.0/toolchain/lib/gcc/arm-none-eabi/4.8.0/../../../../arm-none-eabi/lib/libg.a(lib_a-setvbuf.o)
 .ARM.attributes
                0x00000000000004ec       0x31 /opt/Freescale/KDS_2.0.0/toolchain/lib/gcc/arm-none-eabi/4.8.0/../../../../arm-none-eabi/lib/libg.a(lib_a-sprintf.o)
 .ARM.attributes
                0x000000000000051d       0x31 /opt/Freescale/KDS_2.0.0/toolchain/lib/gcc/arm-none-eabi/4.8.0/../../../../arm-none-eabi/lib/libg.a(lib_a-strlen.o)
 .ARM.attributes
                0x000000000000054e       0x31 /opt/Freescale/KDS_2.0.0/toolchain/lib/gcc/arm-none-eabi/4.8.0/../../../../arm-none-eabi/lib/libg.a(lib_a-svfprintf.o)
 .ARM.attributes
                0x000000000000057f       0x31 /opt/Freescale/KDS_2.0.0/toolchain/lib/gcc/arm-none-eabi/4.8.0/../../../../arm-none-eabi/lib/libg.a(lib_a-syscalls.o)
 .ARM.attributes
                0x00000000000005b0       0x31 /opt/Freescale/KDS_2.0.0/toolchain/lib/gcc/arm-none-eabi/4.8.0/../../../../arm-none-eabi/lib/libg.a(lib_a-vfprintf.o)
 .ARM.attributes
                0x00000000000005e1       0x31 /opt/Freescale/KDS_2.0.0/toolchain/lib/gcc/arm-none-eabi/4.8.0/../../../../arm-none-eabi/lib/libg.a(lib_a-wsetup.o)
 .ARM.attributes
                0x0000000000000612       0x31 /opt/Freescale/KDS_2.0.0/toolchain/lib/gcc/arm-none-eabi/4.8.0/../../../../arm-none-eabi/lib/libg.a(lib_a-dtoa.o)
 .ARM.attributes
                0x0000000000000643       0x31 /opt/Freescale/KDS_2.0.0/toolchain/lib/gcc/arm-none-eabi/4.8.0/../../../../arm-none-eabi/lib/libg.a(lib_a-errno.o)
 .ARM.attributes
                0x0000000000000674       0x31 /opt/Freescale/KDS_2.0.0/toolchain/lib/gcc/arm-none-eabi/4.8.0/../../../../arm-none-eabi/lib/libg.a(lib_a-fflush.o)
 .ARM.attributes
                0x00000000000006a5       0x31 /opt/Freescale/KDS_2.0.0/toolchain/lib/gcc/arm-none-eabi/4.8.0/../../../../arm-none-eabi/lib/libg.a(lib_a-findfp.o)
 .ARM.attributes
                0x00000000000006d6       0x31 /opt/Freescale/KDS_2.0.0/toolchain/lib/gcc/arm-none-eabi/4.8.0/../../../../arm-none-eabi/lib/libg.a(lib_a-freer.o)
 .ARM.attributes
                0x0000000000000707       0x31 /opt/Freescale/KDS_2.0.0/toolchain/lib/gcc/arm-none-eabi/4.8.0/../../../../arm-none-eabi/lib/libg.a(lib_a-fvwrite.o)
 .ARM.attributes
                0x0000000000000738       0x31 /opt/Freescale/KDS_2.0.0/toolchain/lib/gcc/arm-none-eabi/4.8.0/../../../../arm-none-eabi/lib/libg.a(lib_a-fwalk.o)
 .ARM.attributes
                0x0000000000000769       0x31 /opt/Freescale/KDS_2.0.0/toolchain/lib/gcc/arm-none-eabi/4.8.0/../../../../arm-none-eabi/lib/libg.a(lib_a-locale.o)
 .ARM.attributes
                0x000000000000079a       0x31 /opt/Freescale/KDS_2.0.0/toolchain/lib/gcc/arm-none-eabi/4.8.0/../../../../arm-none-eabi/lib/libg.a(lib_a-makebuf.o)
 .ARM.attributes
                0x00000000000007cb       0x31 /opt/Freescale/KDS_2.0.0/toolchain/lib/gcc/arm-none-eabi/4.8.0/../../../../arm-none-eabi/lib/libg.a(lib_a-malloc.o)
 .ARM.attributes
                0x00000000000007fc       0x31 /opt/Freescale/KDS_2.0.0/toolchain/lib/gcc/arm-none-eabi/4.8.0/../../../../arm-none-eabi/lib/libg.a(lib_a-mallocr.o)
 .ARM.attributes
                0x000000000000082d       0x31 /opt/Freescale/KDS_2.0.0/toolchain/lib/gcc/arm-none-eabi/4.8.0/../../../../arm-none-eabi/lib/libg.a(lib_a-memchr.o)
 .ARM.attributes
                0x000000000000085e       0x31 /opt/Freescale/KDS_2.0.0/toolchain/lib/gcc/arm-none-eabi/4.8.0/../../../../arm-none-eabi/lib/libg.a(lib_a-memmove.o)
 .ARM.attributes
                0x000000000000088f       0x31 /opt/Freescale/KDS_2.0.0/toolchain/lib/gcc/arm-none-eabi/4.8.0/../../../../arm-none-eabi/lib/libg.a(lib_a-mlock.o)
 .ARM.attributes
                0x00000000000008c0       0x31 /opt/Freescale/KDS_2.0.0/toolchain/lib/gcc/arm-none-eabi/4.8.0/../../../../arm-none-eabi/lib/libg.a(lib_a-mprec.o)
 .ARM.attributes
                0x00000000000008f1       0x31 /opt/Freescale/KDS_2.0.0/toolchain/lib/gcc/arm-none-eabi/4.8.0/../../../../arm-none-eabi/lib/libg.a(lib_a-reallocr.o)
 .ARM.attributes
                0x0000000000000922       0x31 /opt/Freescale/KDS_2.0.0/toolchain/lib/gcc/arm-none-eabi/4.8.0/../../../../arm-none-eabi/lib/libg.a(lib_a-s_fpclassify.o)
 .ARM.attributes
                0x0000000000000953       0x31 /opt/Freescale/KDS_2.0.0/toolchain/lib/gcc/arm-none-eabi/4.8.0/../../../../arm-none-eabi/lib/libg.a(lib_a-sbrkr.o)
 .ARM.attributes
                0x0000000000000984       0x31 /opt/Freescale/KDS_2.0.0/toolchain/lib/gcc/arm-none-eabi/4.8.0/../../../../arm-none-eabi/lib/libg.a(lib_a-stdio.o)
 .ARM.attributes
                0x00000000000009b5       0x31 /opt/Freescale/KDS_2.0.0/toolchain/lib/gcc/arm-none-eabi/4.8.0/../../../../arm-none-eabi/lib/libg.a(lib_a-svfiprintf.o)
 .ARM.attributes
                0x00000000000009e6       0x31 /opt/Freescale/KDS_2.0.0/toolchain/lib/gcc/arm-none-eabi/4.8.0/../../../../arm-none-eabi/lib/libg.a(lib_a-vfiprintf.o)
 .ARM.attributes
                0x0000000000000a17       0x31 /opt/Freescale/KDS_2.0.0/toolchain/lib/gcc/arm-none-eabi/4.8.0/../../../../arm-none-eabi/lib/libg.a(lib_a-writer.o)
 .ARM.attributes
                0x0000000000000a48       0x31 /opt/Freescale/KDS_2.0.0/toolchain/lib/gcc/arm-none-eabi/4.8.0/../../../../arm-none-eabi/lib/libg.a(lib_a-callocr.o)
 .ARM.attributes
                0x0000000000000a79       0x31 /opt/Freescale/KDS_2.0.0/toolchain/lib/gcc/arm-none-eabi/4.8.0/../../../../arm-none-eabi/lib/libg.a(lib_a-closer.o)
 .ARM.attributes
                0x0000000000000aaa       0x31 /opt/Freescale/KDS_2.0.0/toolchain/lib/gcc/arm-none-eabi/4.8.0/../../../../arm-none-eabi/lib/libg.a(lib_a-fclose.o)
 .ARM.attributes
                0x0000000000000adb       0x31 /opt/Freescale/KDS_2.0.0/toolchain/lib/gcc/arm-none-eabi/4.8.0/../../../../arm-none-eabi/lib/libg.a(lib_a-fputwc.o)
 .ARM.attributes
                0x0000000000000b0c       0x31 /opt/Freescale/KDS_2.0.0/toolchain/lib/gcc/arm-none-eabi/4.8.0/../../../../arm-none-eabi/lib/libg.a(lib_a-fstatr.o)
 .ARM.attributes
                0x0000000000000b3d       0x31 /opt/Freescale/KDS_2.0.0/toolchain/lib/gcc/arm-none-eabi/4.8.0/../../../../arm-none-eabi/lib/libg.a(lib_a-isattyr.o)
 .ARM.attributes
                0x0000000000000b6e       0x31 /opt/Freescale/KDS_2.0.0/toolchain/lib/gcc/arm-none-eabi/4.8.0/../../../../arm-none-eabi/lib/libg.a(lib_a-lseekr.o)
 .ARM.attributes
                0x0000000000000b9f       0x31 /opt/Freescale/KDS_2.0.0/toolchain/lib/gcc/arm-none-eabi/4.8.0/../../../../arm-none-eabi/lib/libg.a(lib_a-readr.o)
 .ARM.attributes
                0x0000000000000bd0       0x31 /opt/Freescale/KDS_2.0.0/toolchain/lib/gcc/arm-none-eabi/4.8.0/../../../../arm-none-eabi/lib/libg.a(lib_a-reent.o)
 .ARM.attributes
                0x0000000000000c01       0x31 /opt/Freescale/KDS_2.0.0/toolchain/lib/gcc/arm-none-eabi/4.8.0/../../../../arm-none-eabi/lib/libg.a(lib_a-wbuf.o)
 .ARM.attributes
                0x0000000000000c32       0x31 /opt/Freescale/KDS_2.0.0/toolchain/lib/gcc/arm-none-eabi/4.8.0/../../../../arm-none-eabi/lib/libg.a(lib_a-wcrtomb.o)
 .ARM.attributes
                0x0000000000000c63       0x31 /opt/Freescale/KDS_2.0.0/toolchain/lib/gcc/arm-none-eabi/4.8.0/../../../../arm-none-eabi/lib/libg.a(lib_a-wctomb_r.o)
 .ARM.attributes
                0x0000000000000c94       0x23 /opt/Freescale/KDS_2.0.0/toolchain/lib/gcc/arm-none-eabi/4.8.0/libgcc.a(_thumb1_case_uqi.o)
 .ARM.attributes
                0x0000000000000cb7       0x23 /opt/Freescale/KDS_2.0.0/toolchain/lib/gcc/arm-none-eabi/4.8.0/libgcc.a(_thumb1_case_uhi.o)
 .ARM.attributes
                0x0000000000000cda       0x23 /opt/Freescale/KDS_2.0.0/toolchain/lib/gcc/arm-none-eabi/4.8.0/libgcc.a(_udivsi3.o)
 .ARM.attributes
                0x0000000000000cfd       0x23 /opt/Freescale/KDS_2.0.0/toolchain/lib/gcc/arm-none-eabi/4.8.0/libgcc.a(_divsi3.o)
 .ARM.attributes
                0x0000000000000d20       0x23 /opt/Freescale/KDS_2.0.0/toolchain/lib/gcc/arm-none-eabi/4.8.0/libgcc.a(_dvmd_tls.o)
 .ARM.attributes
                0x0000000000000d43       0x23 /opt/Freescale/KDS_2.0.0/toolchain/lib/gcc/arm-none-eabi/4.8.0/libgcc.a(_arm_cmpdf2.o)
 .ARM.attributes
                0x0000000000000d66       0x31 /opt/Freescale/KDS_2.0.0/toolchain/lib/gcc/arm-none-eabi/4.8.0/libgcc.a(adddf3.o)
 .ARM.attributes
                0x0000000000000d97       0x31 /opt/Freescale/KDS_2.0.0/toolchain/lib/gcc/arm-none-eabi/4.8.0/libgcc.a(divdf3.o)
 .ARM.attributes
                0x0000000000000dc8       0x31 /opt/Freescale/KDS_2.0.0/toolchain/lib/gcc/arm-none-eabi/4.8.0/libgcc.a(eqdf2.o)
 .ARM.attributes
                0x0000000000000df9       0x31 /opt/Freescale/KDS_2.0.0/toolchain/lib/gcc/arm-none-eabi/4.8.0/libgcc.a(gedf2.o)
 .ARM.attributes
                0x0000000000000e2a       0x31 /opt/Freescale/KDS_2.0.0/toolchain/lib/gcc/arm-none-eabi/4.8.0/libgcc.a(ledf2.o)
 .ARM.attributes
                0x0000000000000e5b       0x31 /opt/Freescale/KDS_2.0.0/toolchain/lib/gcc/arm-none-eabi/4.8.0/libgcc.a(muldf3.o)
 .ARM.attributes
                0x0000000000000e8c       0x31 /opt/Freescale/KDS_2.0.0/toolchain/lib/gcc/arm-none-eabi/4.8.0/libgcc.a(subdf3.o)
 .ARM.attributes
                0x0000000000000ebd       0x31 /opt/Freescale/KDS_2.0.0/toolchain/lib/gcc/arm-none-eabi/4.8.0/libgcc.a(fixdfsi.o)
 .ARM.attributes
                0x0000000000000eee       0x31 /opt/Freescale/KDS_2.0.0/toolchain/lib/gcc/arm-none-eabi/4.8.0/libgcc.a(floatsidf.o)
 .ARM.attributes
                0x0000000000000f1f       0x31 /opt/Freescale/KDS_2.0.0/toolchain/lib/gcc/arm-none-eabi/4.8.0/libgcc.a(floatunsidf.o)
 .ARM.attributes
                0x0000000000000f50       0x23 /opt/Freescale/KDS_2.0.0/toolchain/lib/gcc/arm-none-eabi/4.8.0/libgcc.a(_clzsi2.o)
 .ARM.attributes
                0x0000000000000f73       0x31 /opt/Freescale/KDS_2.0.0/toolchain/lib/gcc/arm-none-eabi/4.8.0/crtend.o
 .ARM.attributes
                0x0000000000000fa4       0x23 /opt/Freescale/KDS_2.0.0/toolchain/lib/gcc/arm-none-eabi/4.8.0/crtn.o
OUTPUT(FRDM-KL46z-PEx-sLCD.elf elf32-littlearm)

.comment        0x0000000000000000       0x3b
 .comment       0x0000000000000000       0x2a /opt/Freescale/KDS_2.0.0/toolchain/lib/gcc/arm-none-eabi/4.8.0/crtbegin.o
                                         0x2b (size before relaxing)
 .comment       0x0000000000000000       0x2b ./Sources/si7005/si7005.o
 .comment       0x0000000000000000       0x2b ./Sources/LCD/LCD.o
 .comment       0x0000000000000000       0x2b ./Sources/LCD/s401.o
 .comment       0x0000000000000000       0x2b ./Sources/Events.o
 .comment       0x0000000000000000       0x2b ./Sources/ProcessorExpert.o
 .comment       0x0000000000000000       0x2b ./Project_Settings/Startup_Code/startup.o
 .comment       0x0000000000000000       0x2b ./Generated_Code/BitIoLdd1.o
 .comment       0x0000000000000000       0x2b ./Generated_Code/BitIoLdd2.o
 .comment       0x0000000000000000       0x2b ./Generated_Code/Cpu.o
 .comment       0x0000000000000000       0x2b ./Generated_Code/CsIO1.o
 .comment       0x0000000000000000       0x2b ./Generated_Code/ExtIntLdd1.o
 .comment       0x0000000000000000       0x2b ./Generated_Code/IO1.o
 .comment       0x0000000000000000       0x2b ./Generated_Code/PE_LDD.o
 .comment       0x0000000000000000       0x2b ./Generated_Code/PTC.o
 .comment       0x0000000000000000       0x2b ./Generated_Code/SI7005_I2C.o
 .comment       0x0000000000000000       0x2b ./Generated_Code/SegLCD1.o
 .comment       0x0000000000000000       0x2b ./Generated_Code/Vectors.o
 .comment       0x0000000000000000       0x2b ./Generated_Code/sw1.o
 .comment       0x000000000000002a       0x11 /opt/Freescale/KDS_2.0.0/toolchain/lib/gcc/arm-none-eabi/4.8.0/../../../../arm-none-eabi/lib/libg.a(lib_a-impure.o)
                                         0x12 (size before relaxing)
 .comment       0x0000000000000000       0x12 /opt/Freescale/KDS_2.0.0/toolchain/lib/gcc/arm-none-eabi/4.8.0/../../../../arm-none-eabi/lib/libg.a(lib_a-memcpy.o)
 .comment       0x0000000000000000       0x12 /opt/Freescale/KDS_2.0.0/toolchain/lib/gcc/arm-none-eabi/4.8.0/../../../../arm-none-eabi/lib/libg.a(lib_a-memset.o)
 .comment       0x0000000000000000       0x12 /opt/Freescale/KDS_2.0.0/toolchain/lib/gcc/arm-none-eabi/4.8.0/../../../../arm-none-eabi/lib/libg.a(lib_a-printf.o)
 .comment       0x0000000000000000       0x12 /opt/Freescale/KDS_2.0.0/toolchain/lib/gcc/arm-none-eabi/4.8.0/../../../../arm-none-eabi/lib/libg.a(lib_a-puts.o)
 .comment       0x0000000000000000       0x12 /opt/Freescale/KDS_2.0.0/toolchain/lib/gcc/arm-none-eabi/4.8.0/../../../../arm-none-eabi/lib/libg.a(lib_a-setvbuf.o)
 .comment       0x0000000000000000       0x12 /opt/Freescale/KDS_2.0.0/toolchain/lib/gcc/arm-none-eabi/4.8.0/../../../../arm-none-eabi/lib/libg.a(lib_a-sprintf.o)
 .comment       0x0000000000000000       0x12 /opt/Freescale/KDS_2.0.0/toolchain/lib/gcc/arm-none-eabi/4.8.0/../../../../arm-none-eabi/lib/libg.a(lib_a-strlen.o)
 .comment       0x0000000000000000       0x12 /opt/Freescale/KDS_2.0.0/toolchain/lib/gcc/arm-none-eabi/4.8.0/../../../../arm-none-eabi/lib/libg.a(lib_a-svfprintf.o)
 .comment       0x0000000000000000       0x12 /opt/Freescale/KDS_2.0.0/toolchain/lib/gcc/arm-none-eabi/4.8.0/../../../../arm-none-eabi/lib/libg.a(lib_a-syscalls.o)
 .comment       0x0000000000000000       0x12 /opt/Freescale/KDS_2.0.0/toolchain/lib/gcc/arm-none-eabi/4.8.0/../../../../arm-none-eabi/lib/libg.a(lib_a-vfprintf.o)
 .comment       0x0000000000000000       0x12 /opt/Freescale/KDS_2.0.0/toolchain/lib/gcc/arm-none-eabi/4.8.0/../../../../arm-none-eabi/lib/libg.a(lib_a-wsetup.o)
 .comment       0x0000000000000000       0x12 /opt/Freescale/KDS_2.0.0/toolchain/lib/gcc/arm-none-eabi/4.8.0/../../../../arm-none-eabi/lib/libg.a(lib_a-dtoa.o)
 .comment       0x0000000000000000       0x12 /opt/Freescale/KDS_2.0.0/toolchain/lib/gcc/arm-none-eabi/4.8.0/../../../../arm-none-eabi/lib/libg.a(lib_a-errno.o)
 .comment       0x0000000000000000       0x12 /opt/Freescale/KDS_2.0.0/toolchain/lib/gcc/arm-none-eabi/4.8.0/../../../../arm-none-eabi/lib/libg.a(lib_a-fflush.o)
 .comment       0x0000000000000000       0x12 /opt/Freescale/KDS_2.0.0/toolchain/lib/gcc/arm-none-eabi/4.8.0/../../../../arm-none-eabi/lib/libg.a(lib_a-findfp.o)
 .comment       0x0000000000000000       0x12 /opt/Freescale/KDS_2.0.0/toolchain/lib/gcc/arm-none-eabi/4.8.0/../../../../arm-none-eabi/lib/libg.a(lib_a-freer.o)
 .comment       0x0000000000000000       0x12 /opt/Freescale/KDS_2.0.0/toolchain/lib/gcc/arm-none-eabi/4.8.0/../../../../arm-none-eabi/lib/libg.a(lib_a-fvwrite.o)
 .comment       0x0000000000000000       0x12 /opt/Freescale/KDS_2.0.0/toolchain/lib/gcc/arm-none-eabi/4.8.0/../../../../arm-none-eabi/lib/libg.a(lib_a-fwalk.o)
 .comment       0x0000000000000000       0x12 /opt/Freescale/KDS_2.0.0/toolchain/lib/gcc/arm-none-eabi/4.8.0/../../../../arm-none-eabi/lib/libg.a(lib_a-locale.o)
 .comment       0x0000000000000000       0x12 /opt/Freescale/KDS_2.0.0/toolchain/lib/gcc/arm-none-eabi/4.8.0/../../../../arm-none-eabi/lib/libg.a(lib_a-makebuf.o)
 .comment       0x0000000000000000       0x12 /opt/Freescale/KDS_2.0.0/toolchain/lib/gcc/arm-none-eabi/4.8.0/../../../../arm-none-eabi/lib/libg.a(lib_a-malloc.o)
 .comment       0x0000000000000000       0x12 /opt/Freescale/KDS_2.0.0/toolchain/lib/gcc/arm-none-eabi/4.8.0/../../../../arm-none-eabi/lib/libg.a(lib_a-mallocr.o)
 .comment       0x0000000000000000       0x12 /opt/Freescale/KDS_2.0.0/toolchain/lib/gcc/arm-none-eabi/4.8.0/../../../../arm-none-eabi/lib/libg.a(lib_a-memchr.o)
 .comment       0x0000000000000000       0x12 /opt/Freescale/KDS_2.0.0/toolchain/lib/gcc/arm-none-eabi/4.8.0/../../../../arm-none-eabi/lib/libg.a(lib_a-memmove.o)
 .comment       0x0000000000000000       0x12 /opt/Freescale/KDS_2.0.0/toolchain/lib/gcc/arm-none-eabi/4.8.0/../../../../arm-none-eabi/lib/libg.a(lib_a-mlock.o)
 .comment       0x0000000000000000       0x12 /opt/Freescale/KDS_2.0.0/toolchain/lib/gcc/arm-none-eabi/4.8.0/../../../../arm-none-eabi/lib/libg.a(lib_a-mprec.o)
 .comment       0x0000000000000000       0x12 /opt/Freescale/KDS_2.0.0/toolchain/lib/gcc/arm-none-eabi/4.8.0/../../../../arm-none-eabi/lib/libg.a(lib_a-reallocr.o)
 .comment       0x0000000000000000       0x12 /opt/Freescale/KDS_2.0.0/toolchain/lib/gcc/arm-none-eabi/4.8.0/../../../../arm-none-eabi/lib/libg.a(lib_a-s_fpclassify.o)
 .comment       0x0000000000000000       0x12 /opt/Freescale/KDS_2.0.0/toolchain/lib/gcc/arm-none-eabi/4.8.0/../../../../arm-none-eabi/lib/libg.a(lib_a-sbrkr.o)
 .comment       0x0000000000000000       0x12 /opt/Freescale/KDS_2.0.0/toolchain/lib/gcc/arm-none-eabi/4.8.0/../../../../arm-none-eabi/lib/libg.a(lib_a-stdio.o)
 .comment       0x0000000000000000       0x12 /opt/Freescale/KDS_2.0.0/toolchain/lib/gcc/arm-none-eabi/4.8.0/../../../../arm-none-eabi/lib/libg.a(lib_a-svfiprintf.o)
 .comment       0x0000000000000000       0x12 /opt/Freescale/KDS_2.0.0/toolchain/lib/gcc/arm-none-eabi/4.8.0/../../../../arm-none-eabi/lib/libg.a(lib_a-vfiprintf.o)
 .comment       0x0000000000000000       0x12 /opt/Freescale/KDS_2.0.0/toolchain/lib/gcc/arm-none-eabi/4.8.0/../../../../arm-none-eabi/lib/libg.a(lib_a-writer.o)
 .comment       0x0000000000000000       0x12 /opt/Freescale/KDS_2.0.0/toolchain/lib/gcc/arm-none-eabi/4.8.0/../../../../arm-none-eabi/lib/libg.a(lib_a-callocr.o)
 .comment       0x0000000000000000       0x12 /opt/Freescale/KDS_2.0.0/toolchain/lib/gcc/arm-none-eabi/4.8.0/../../../../arm-none-eabi/lib/libg.a(lib_a-closer.o)
 .comment       0x0000000000000000       0x12 /opt/Freescale/KDS_2.0.0/toolchain/lib/gcc/arm-none-eabi/4.8.0/../../../../arm-none-eabi/lib/libg.a(lib_a-fclose.o)
 .comment       0x0000000000000000       0x12 /opt/Freescale/KDS_2.0.0/toolchain/lib/gcc/arm-none-eabi/4.8.0/../../../../arm-none-eabi/lib/libg.a(lib_a-fputwc.o)
 .comment       0x0000000000000000       0x12 /opt/Freescale/KDS_2.0.0/toolchain/lib/gcc/arm-none-eabi/4.8.0/../../../../arm-none-eabi/lib/libg.a(lib_a-fstatr.o)
 .comment       0x0000000000000000       0x12 /opt/Freescale/KDS_2.0.0/toolchain/lib/gcc/arm-none-eabi/4.8.0/../../../../arm-none-eabi/lib/libg.a(lib_a-isattyr.o)
 .comment       0x0000000000000000       0x12 /opt/Freescale/KDS_2.0.0/toolchain/lib/gcc/arm-none-eabi/4.8.0/../../../../arm-none-eabi/lib/libg.a(lib_a-lseekr.o)
 .comment       0x0000000000000000       0x12 /opt/Freescale/KDS_2.0.0/toolchain/lib/gcc/arm-none-eabi/4.8.0/../../../../arm-none-eabi/lib/libg.a(lib_a-readr.o)
 .comment       0x0000000000000000       0x12 /opt/Freescale/KDS_2.0.0/toolchain/lib/gcc/arm-none-eabi/4.8.0/../../../../arm-none-eabi/lib/libg.a(lib_a-reent.o)
 .comment       0x0000000000000000       0x12 /opt/Freescale/KDS_2.0.0/toolchain/lib/gcc/arm-none-eabi/4.8.0/../../../../arm-none-eabi/lib/libg.a(lib_a-wbuf.o)
 .comment       0x0000000000000000       0x12 /opt/Freescale/KDS_2.0.0/toolchain/lib/gcc/arm-none-eabi/4.8.0/../../../../arm-none-eabi/lib/libg.a(lib_a-wcrtomb.o)
 .comment       0x0000000000000000       0x12 /opt/Freescale/KDS_2.0.0/toolchain/lib/gcc/arm-none-eabi/4.8.0/../../../../arm-none-eabi/lib/libg.a(lib_a-wctomb_r.o)
 .comment       0x0000000000000000       0x2b /opt/Freescale/KDS_2.0.0/toolchain/lib/gcc/arm-none-eabi/4.8.0/libgcc.a(adddf3.o)
 .comment       0x0000000000000000       0x2b /opt/Freescale/KDS_2.0.0/toolchain/lib/gcc/arm-none-eabi/4.8.0/libgcc.a(divdf3.o)
 .comment       0x0000000000000000       0x2b /opt/Freescale/KDS_2.0.0/toolchain/lib/gcc/arm-none-eabi/4.8.0/libgcc.a(eqdf2.o)
 .comment       0x0000000000000000       0x2b /opt/Freescale/KDS_2.0.0/toolchain/lib/gcc/arm-none-eabi/4.8.0/libgcc.a(gedf2.o)
 .comment       0x0000000000000000       0x2b /opt/Freescale/KDS_2.0.0/toolchain/lib/gcc/arm-none-eabi/4.8.0/libgcc.a(ledf2.o)
 .comment       0x0000000000000000       0x2b /opt/Freescale/KDS_2.0.0/toolchain/lib/gcc/arm-none-eabi/4.8.0/libgcc.a(muldf3.o)
 .comment       0x0000000000000000       0x2b /opt/Freescale/KDS_2.0.0/toolchain/lib/gcc/arm-none-eabi/4.8.0/libgcc.a(subdf3.o)
 .comment       0x0000000000000000       0x2b /opt/Freescale/KDS_2.0.0/toolchain/lib/gcc/arm-none-eabi/4.8.0/libgcc.a(fixdfsi.o)
 .comment       0x0000000000000000       0x2b /opt/Freescale/KDS_2.0.0/toolchain/lib/gcc/arm-none-eabi/4.8.0/libgcc.a(floatsidf.o)
 .comment       0x0000000000000000       0x2b /opt/Freescale/KDS_2.0.0/toolchain/lib/gcc/arm-none-eabi/4.8.0/libgcc.a(floatunsidf.o)
 .comment       0x0000000000000000       0x2b /opt/Freescale/KDS_2.0.0/toolchain/lib/gcc/arm-none-eabi/4.8.0/crtend.o

.debug_info     0x0000000000000000     0x4adb
 .debug_info    0x0000000000000000      0x2f8 ./Sources/si7005/si7005.o
 .debug_info    0x00000000000002f8      0x9b9 ./Sources/LCD/LCD.o
 .debug_info    0x0000000000000cb1       0xd4 ./Sources/LCD/s401.o
 .debug_info    0x0000000000000d85      0x134 ./Sources/Events.o
 .debug_info    0x0000000000000eb9      0xa76 ./Sources/ProcessorExpert.o
 .debug_info    0x000000000000192f      0x308 ./Project_Settings/Startup_Code/startup.o
 .debug_info    0x0000000000001c37      0x3f1 ./Generated_Code/BitIoLdd1.o
 .debug_info    0x0000000000002028      0x3f1 ./Generated_Code/BitIoLdd2.o
 .debug_info    0x0000000000002419      0x8a0 ./Generated_Code/Cpu.o
 .debug_info    0x0000000000002cb9      0x1f8 ./Generated_Code/CsIO1.o
 .debug_info    0x0000000000002eb1      0x37a ./Generated_Code/ExtIntLdd1.o
 .debug_info    0x000000000000322b      0x56c ./Generated_Code/IO1.o
 .debug_info    0x0000000000003797      0x242 ./Generated_Code/PE_LDD.o
 .debug_info    0x00000000000039d9      0x114 ./Generated_Code/PTC.o
 .debug_info    0x0000000000003aed      0x741 ./Generated_Code/SI7005_I2C.o
 .debug_info    0x000000000000422e      0x6ea ./Generated_Code/SegLCD1.o
 .debug_info    0x0000000000004918      0x10a ./Generated_Code/Vectors.o
 .debug_info    0x0000000000004a22       0xb9 ./Generated_Code/sw1.o

.debug_abbrev   0x0000000000000000     0x14c8
 .debug_abbrev  0x0000000000000000      0x12c ./Sources/si7005/si7005.o
 .debug_abbrev  0x000000000000012c      0x1ec ./Sources/LCD/LCD.o
 .debug_abbrev  0x0000000000000318       0x5f ./Sources/LCD/s401.o
 .debug_abbrev  0x0000000000000377       0xa0 ./Sources/Events.o
 .debug_abbrev  0x0000000000000417      0x20e ./Sources/ProcessorExpert.o
 .debug_abbrev  0x0000000000000625      0x10c ./Project_Settings/Startup_Code/startup.o
 .debug_abbrev  0x0000000000000731      0x164 ./Generated_Code/BitIoLdd1.o
 .debug_abbrev  0x0000000000000895      0x164 ./Generated_Code/BitIoLdd2.o
 .debug_abbrev  0x00000000000009f9      0x144 ./Generated_Code/Cpu.o
 .debug_abbrev  0x0000000000000b3d       0xd6 ./Generated_Code/CsIO1.o
 .debug_abbrev  0x0000000000000c13      0x156 ./Generated_Code/ExtIntLdd1.o
 .debug_abbrev  0x0000000000000d69      0x17a ./Generated_Code/IO1.o
 .debug_abbrev  0x0000000000000ee3      0x106 ./Generated_Code/PE_LDD.o
 .debug_abbrev  0x0000000000000fe9       0x89 ./Generated_Code/PTC.o
 .debug_abbrev  0x0000000000001072      0x184 ./Generated_Code/SI7005_I2C.o
 .debug_abbrev  0x00000000000011f6      0x1cb ./Generated_Code/SegLCD1.o
 .debug_abbrev  0x00000000000013c1       0xa3 ./Generated_Code/Vectors.o
 .debug_abbrev  0x0000000000001464       0x64 ./Generated_Code/sw1.o

.debug_aranges  0x0000000000000000      0x450
 .debug_aranges
                0x0000000000000000       0x48 ./Sources/si7005/si7005.o
 .debug_aranges
                0x0000000000000048       0xb0 ./Sources/LCD/LCD.o
 .debug_aranges
                0x00000000000000f8       0x18 ./Sources/LCD/s401.o
 .debug_aranges
                0x0000000000000110       0x38 ./Sources/Events.o
 .debug_aranges
                0x0000000000000148       0x20 ./Sources/ProcessorExpert.o
 .debug_aranges
                0x0000000000000168       0x60 ./Project_Settings/Startup_Code/startup.o
 .debug_aranges
                0x00000000000001c8       0x58 ./Generated_Code/BitIoLdd1.o
 .debug_aranges
                0x0000000000000220       0x58 ./Generated_Code/BitIoLdd2.o
 .debug_aranges
                0x0000000000000278       0x38 ./Generated_Code/Cpu.o
 .debug_aranges
                0x00000000000002b0       0x28 ./Generated_Code/CsIO1.o
 .debug_aranges
                0x00000000000002d8       0x30 ./Generated_Code/ExtIntLdd1.o
 .debug_aranges
                0x0000000000000308       0x38 ./Generated_Code/IO1.o
 .debug_aranges
                0x0000000000000340       0x30 ./Generated_Code/PE_LDD.o
 .debug_aranges
                0x0000000000000370       0x20 ./Generated_Code/PTC.o
 .debug_aranges
                0x0000000000000390       0x38 ./Generated_Code/SI7005_I2C.o
 .debug_aranges
                0x00000000000003c8       0x50 ./Generated_Code/SegLCD1.o
 .debug_aranges
                0x0000000000000418       0x18 ./Generated_Code/Vectors.o
 .debug_aranges
                0x0000000000000430       0x20 ./Generated_Code/sw1.o

.debug_ranges   0x0000000000000000      0x320
 .debug_ranges  0x0000000000000000       0x38 ./Sources/si7005/si7005.o
 .debug_ranges  0x0000000000000038       0xa0 ./Sources/LCD/LCD.o
 .debug_ranges  0x00000000000000d8       0x28 ./Sources/Events.o
 .debug_ranges  0x0000000000000100       0x10 ./Sources/ProcessorExpert.o
 .debug_ranges  0x0000000000000110       0x50 ./Project_Settings/Startup_Code/startup.o
 .debug_ranges  0x0000000000000160       0x48 ./Generated_Code/BitIoLdd1.o
 .debug_ranges  0x00000000000001a8       0x48 ./Generated_Code/BitIoLdd2.o
 .debug_ranges  0x00000000000001f0       0x28 ./Generated_Code/Cpu.o
 .debug_ranges  0x0000000000000218       0x18 ./Generated_Code/CsIO1.o
 .debug_ranges  0x0000000000000230       0x20 ./Generated_Code/ExtIntLdd1.o
 .debug_ranges  0x0000000000000250       0x28 ./Generated_Code/IO1.o
 .debug_ranges  0x0000000000000278       0x20 ./Generated_Code/PE_LDD.o
 .debug_ranges  0x0000000000000298       0x10 ./Generated_Code/PTC.o
 .debug_ranges  0x00000000000002a8       0x28 ./Generated_Code/SI7005_I2C.o
 .debug_ranges  0x00000000000002d0       0x40 ./Generated_Code/SegLCD1.o
 .debug_ranges  0x0000000000000310       0x10 ./Generated_Code/sw1.o

.debug_macinfo  0x0000000000000000   0x421fa7
 .debug_macinfo
                0x0000000000000000    0x4096b ./Sources/si7005/si7005.o
 .debug_macinfo
                0x000000000004096b    0x3a532 ./Sources/LCD/LCD.o
 .debug_macinfo
                0x000000000007ae9d    0x398e6 ./Sources/LCD/s401.o
 .debug_macinfo
                0x00000000000b4783    0x4096e ./Sources/Events.o
 .debug_macinfo
                0x00000000000f50f1    0x41603 ./Sources/ProcessorExpert.o
 .debug_macinfo
                0x00000000001366f4     0x42fd ./Project_Settings/Startup_Code/startup.o
 .debug_macinfo
                0x000000000013a9f1    0x39d8f ./Generated_Code/BitIoLdd1.o
 .debug_macinfo
                0x0000000000174780    0x39d89 ./Generated_Code/BitIoLdd2.o
 .debug_macinfo
                0x00000000001ae509    0x4097d ./Generated_Code/Cpu.o
 .debug_macinfo
                0x00000000001eee86    0x37e40 ./Generated_Code/CsIO1.o
 .debug_macinfo
                0x0000000000226cc6    0x3d3f0 ./Generated_Code/ExtIntLdd1.o
 .debug_macinfo
                0x00000000002640b6    0x4333f ./Generated_Code/IO1.o
 .debug_macinfo
                0x00000000002a73f5    0x4094e ./Generated_Code/PE_LDD.o
 .debug_macinfo
                0x00000000002e7d43    0x38dc7 ./Generated_Code/PTC.o
 .debug_macinfo
                0x0000000000320b0a    0x43b64 ./Generated_Code/SI7005_I2C.o
 .debug_macinfo
                0x000000000036466e    0x3c641 ./Generated_Code/SegLCD1.o
 .debug_macinfo
                0x00000000003a0caf    0x4098a ./Generated_Code/Vectors.o
 .debug_macinfo
                0x00000000003e1639    0x4096e ./Generated_Code/sw1.o

.debug_line     0x0000000000000000     0x3fd3
 .debug_line    0x0000000000000000      0x4cd ./Sources/si7005/si7005.o
 .debug_line    0x00000000000004cd      0x425 ./Sources/LCD/LCD.o
 .debug_line    0x00000000000008f2      0x1bd ./Sources/LCD/s401.o
 .debug_line    0x0000000000000aaf      0x42c ./Sources/Events.o
 .debug_line    0x0000000000000edb      0x506 ./Sources/ProcessorExpert.o
 .debug_line    0x00000000000013e1      0x336 ./Project_Settings/Startup_Code/startup.o
 .debug_line    0x0000000000001717      0x276 ./Generated_Code/BitIoLdd1.o
 .debug_line    0x000000000000198d      0x277 ./Generated_Code/BitIoLdd2.o
 .debug_line    0x0000000000001c04      0x583 ./Generated_Code/Cpu.o
 .debug_line    0x0000000000002187      0x33a ./Generated_Code/CsIO1.o
 .debug_line    0x00000000000024c1      0x233 ./Generated_Code/ExtIntLdd1.o
 .debug_line    0x00000000000026f4      0x24f ./Generated_Code/IO1.o
 .debug_line    0x0000000000002943      0x3f7 ./Generated_Code/PE_LDD.o
 .debug_line    0x0000000000002d3a      0x17c ./Generated_Code/PTC.o
 .debug_line    0x0000000000002eb6      0x551 ./Generated_Code/SI7005_I2C.o
 .debug_line    0x0000000000003407      0x2a4 ./Generated_Code/SegLCD1.o
 .debug_line    0x00000000000036ab      0x4ea ./Generated_Code/Vectors.o
 .debug_line    0x0000000000003b95      0x43e ./Generated_Code/sw1.o

.debug_str      0x0000000000000000     0x17a6
 .debug_str     0x0000000000000000      0x2d4 ./Sources/si7005/si7005.o
                                        0x319 (size before relaxing)
 .debug_str     0x00000000000002d4      0x3df ./Sources/LCD/LCD.o
                                        0x555 (size before relaxing)
 .debug_str     0x00000000000006b3       0x16 ./Sources/LCD/s401.o
                                        0x1a7 (size before relaxing)
 .debug_str     0x00000000000006c9       0x9a ./Sources/Events.o
                                        0x234 (size before relaxing)
 .debug_str     0x0000000000000763      0x40c ./Sources/ProcessorExpert.o
                                        0x627 (size before relaxing)
 .debug_str     0x0000000000000b6f      0x18c ./Project_Settings/Startup_Code/startup.o
                                        0x2b3 (size before relaxing)
 .debug_str     0x0000000000000cfb      0x147 ./Generated_Code/BitIoLdd1.o
                                        0x357 (size before relaxing)
 .debug_str     0x0000000000000e42       0xd3 ./Generated_Code/BitIoLdd2.o
                                        0x357 (size before relaxing)
 .debug_str     0x0000000000000f15      0x1b5 ./Generated_Code/Cpu.o
                                        0x4ac (size before relaxing)
 .debug_str     0x00000000000010ca       0x46 ./Generated_Code/CsIO1.o
                                        0x1c1 (size before relaxing)
 .debug_str     0x0000000000001110       0xae ./Generated_Code/ExtIntLdd1.o
                                        0x365 (size before relaxing)
 .debug_str     0x00000000000011be       0xc5 ./Generated_Code/IO1.o
                                        0x3eb (size before relaxing)
 .debug_str     0x0000000000001283      0x16b ./Generated_Code/PE_LDD.o
                                        0x327 (size before relaxing)
 .debug_str     0x00000000000013ee       0x21 ./Generated_Code/PTC.o
                                        0x1bd (size before relaxing)
 .debug_str     0x000000000000140f      0x152 ./Generated_Code/SI7005_I2C.o
                                        0x4f8 (size before relaxing)
 .debug_str     0x0000000000001561      0x1fa ./Generated_Code/SegLCD1.o
                                        0x552 (size before relaxing)
 .debug_str     0x000000000000175b       0x1c ./Generated_Code/Vectors.o
                                        0x1c4 (size before relaxing)
 .debug_str     0x0000000000001777       0x2f ./Generated_Code/sw1.o
                                        0x1af (size before relaxing)

.debug_frame    0x0000000000000000      0xb40
 .debug_frame   0x0000000000000000       0xd0 ./Sources/si7005/si7005.o
 .debug_frame   0x00000000000000d0      0x25c ./Sources/LCD/LCD.o
 .debug_frame   0x000000000000032c       0x88 ./Sources/Events.o
 .debug_frame   0x00000000000003b4       0x30 ./Sources/ProcessorExpert.o
 .debug_frame   0x00000000000003e4      0x120 ./Project_Settings/Startup_Code/startup.o
 .debug_frame   0x0000000000000504      0x110 ./Generated_Code/BitIoLdd1.o
 .debug_frame   0x0000000000000614      0x110 ./Generated_Code/BitIoLdd2.o
 .debug_frame   0x0000000000000724       0x80 ./Generated_Code/Cpu.o
 .debug_frame   0x00000000000007a4       0x50 ./Generated_Code/CsIO1.o
 .debug_frame   0x00000000000007f4       0x70 ./Generated_Code/ExtIntLdd1.o
 .debug_frame   0x0000000000000864       0x90 ./Generated_Code/IO1.o
 .debug_frame   0x00000000000008f4       0x6c ./Generated_Code/PE_LDD.o
 .debug_frame   0x0000000000000960       0x2c ./Generated_Code/PTC.o
 .debug_frame   0x000000000000098c       0x90 ./Generated_Code/SI7005_I2C.o
 .debug_frame   0x0000000000000a1c       0xf4 ./Generated_Code/SegLCD1.o
 .debug_frame   0x0000000000000b10       0x30 ./Generated_Code/sw1.o
